Archive member included because of file (symbol)

/usr/local/bin/../lib/gcc/msp430/4.7.4/mcpu-430x/mmpy-16/msr20/mc20/libgcc.a(_mulsi3.o)
                              build/z1/obj/cfs-coffee.o (__mulsi3)
/usr/local/bin/../lib/gcc/msp430/4.7.4/mcpu-430x/mmpy-16/msr20/mc20/libgcc.a(_udivmod16.o)
                              build/z1/obj/cfs-coffee.o (__udivhi3)
/usr/local/bin/../lib/gcc/msp430/4.7.4/mcpu-430x/mmpy-16/msr20/mc20/libgcc.a(_divmod16.o)
                              build/z1/obj/link-stats.o (__divhi3)
/usr/local/bin/../lib/gcc/msp430/4.7.4/mcpu-430x/mmpy-16/msr20/mc20/libgcc.a(_udivmod32.o)
                              build/z1/obj/ifft.o (__udivsi3)
/usr/local/bin/../lib/gcc/msp430/4.7.4/mcpu-430x/mmpy-16/msr20/mc20/libgcc.a(_divmod32.o)
                              build/z1/obj/cfs-coffee.o (__divsi3)
/usr/local/bin/../lib/gcc/msp430/4.7.4/../../../../msp430/lib/mcpu-430x/mmpy-16/msr20/mc20/libc.a(printf.o)
                              build/z1/obj/assert.o (printf)
/usr/local/bin/../lib/gcc/msp430/4.7.4/../../../../msp430/lib/mcpu-430x/mmpy-16/msr20/mc20/libc.a(sprintf.o)
                              build/z1/obj/log.o (snprintf)
/usr/local/bin/../lib/gcc/msp430/4.7.4/../../../../msp430/lib/mcpu-430x/mmpy-16/msr20/mc20/libc.a(vuprintf.o)
                              /usr/local/bin/../lib/gcc/msp430/4.7.4/../../../../msp430/lib/mcpu-430x/mmpy-16/msr20/mc20/libc.a(printf.o) (vuprintf)
/usr/local/bin/../lib/gcc/msp430/4.7.4/../../../../msp430/lib/mcpu-430x/mmpy-16/msr20/mc20/libc.a(puts.o)
                              build/z1/obj/assert.o (puts)
/usr/local/bin/../lib/gcc/msp430/4.7.4/../../../../msp430/lib/mcpu-430x/mmpy-16/msr20/mc20/libc.a(strcmp.o)
                              build/z1/obj/cfs-coffee.o (strcmp)
/usr/local/bin/../lib/gcc/msp430/4.7.4/../../../../msp430/lib/mcpu-430x/mmpy-16/msr20/mc20/libc.a(strncmp.o)
                              build/z1/obj/sensors.o (strncmp)
/usr/local/bin/../lib/gcc/msp430/4.7.4/../../../../msp430/lib/mcpu-430x/mmpy-16/msr20/mc20/libc.a(memcmp.o)
                              build/z1/obj/ip64-addr.o (memcmp)
/usr/local/bin/../lib/gcc/msp430/4.7.4/../../../../msp430/lib/mcpu-430x/mmpy-16/msr20/mc20/libc.a(strncpy.o)
                              build/z1/obj/cfs-coffee.o (strncpy)
/usr/local/bin/../lib/gcc/msp430/4.7.4/../../../../msp430/lib/mcpu-430x/mmpy-16/msr20/mc20/libc.a(memcpy.o)
                              build/z1/obj/aes-128.o (memcpy)
/usr/local/bin/../lib/gcc/msp430/4.7.4/../../../../msp430/lib/mcpu-430x/mmpy-16/msr20/mc20/libc.a(memmove.o)
                              build/z1/obj/cbor.o (memmove)
/usr/local/bin/../lib/gcc/msp430/4.7.4/../../../../msp430/lib/mcpu-430x/mmpy-16/msr20/mc20/libc.a(memset.o)
                              build/z1/obj/cfs-coffee.o (memset)
/usr/local/bin/../lib/gcc/msp430/4.7.4/mcpu-430x/mmpy-16/msr20/mc20/libgcc.a(_udivmod64.o)
                              /usr/local/bin/../lib/gcc/msp430/4.7.4/../../../../msp430/lib/mcpu-430x/mmpy-16/msr20/mc20/libc.a(vuprintf.o) (__udivdi3)
/usr/local/bin/../lib/gcc/msp430/4.7.4/mcpu-430x/mmpy-16/msr20/mc20/libcrt0.a(_reset_vector__.o)
                              /usr/local/bin/../lib/gcc/msp430/4.7.4/mcpu-430x/mmpy-16/msr20/mc20/crt0ivtbl32.o (_reset_vector__)
/usr/local/bin/../lib/gcc/msp430/4.7.4/mcpu-430x/mmpy-16/msr20/mc20/libcrt0.a(__watchdog_support.o)
                              /usr/local/bin/../lib/gcc/msp430/4.7.4/mcpu-430x/mmpy-16/msr20/mc20/libcrt0.a(_reset_vector__.o) (__watchdog_support)
/usr/local/bin/../lib/gcc/msp430/4.7.4/mcpu-430x/mmpy-16/msr20/mc20/libcrt0.a(__init_stack.o)
                              /usr/local/bin/../lib/gcc/msp430/4.7.4/mcpu-430x/mmpy-16/msr20/mc20/libcrt0.a(_reset_vector__.o) (__init_stack)
/usr/local/bin/../lib/gcc/msp430/4.7.4/mcpu-430x/mmpy-16/msr20/mc20/libcrt0.a(__low_level_init.o)
                              /usr/local/bin/../lib/gcc/msp430/4.7.4/mcpu-430x/mmpy-16/msr20/mc20/libcrt0.a(_reset_vector__.o) (__low_level_init)
/usr/local/bin/../lib/gcc/msp430/4.7.4/mcpu-430x/mmpy-16/msr20/mc20/libcrt0.a(_copy_data.o)
                              /usr/local/bin/../lib/gcc/msp430/4.7.4/mcpu-430x/mmpy-16/msr20/mc20/libcrt0.a(_reset_vector__.o) (__do_copy_data)
/usr/local/bin/../lib/gcc/msp430/4.7.4/mcpu-430x/mmpy-16/msr20/mc20/libcrt0.a(_clear_bss.o)
                              /usr/local/bin/../lib/gcc/msp430/4.7.4/mcpu-430x/mmpy-16/msr20/mc20/libcrt0.a(_reset_vector__.o) (__do_clear_bss)
/usr/local/bin/../lib/gcc/msp430/4.7.4/mcpu-430x/mmpy-16/msr20/mc20/libcrt0.a(__stop_progExec__.o)
                              /usr/local/bin/../lib/gcc/msp430/4.7.4/mcpu-430x/mmpy-16/msr20/mc20/libcrt0.a(_reset_vector__.o) (__stop_progExec__)
/usr/local/bin/../lib/gcc/msp430/4.7.4/mcpu-430x/mmpy-16/msr20/mc20/libcrt0.a(_endless_loop__.o)
                              /usr/local/bin/../lib/gcc/msp430/4.7.4/mcpu-430x/mmpy-16/msr20/mc20/libcrt0.a(_reset_vector__.o) (_endless_loop__)
[...]
Memory Configuration

Name             Origin             Length             Attributes
sfr              0x0000000000000000 0x0000000000000010
peripheral_8bit  0x0000000000000010 0x00000000000000f0
peripheral_16bit 0x0000000000000100 0x0000000000000100
ram_mirror       0x0000000000000200 0x0000000000000800 xw
infomem          0x0000000000001000 0x0000000000000100
infod            0x0000000000001000 0x0000000000000040
infoc            0x0000000000001040 0x0000000000000040
infob            0x0000000000001080 0x0000000000000040
infoa            0x00000000000010c0 0x0000000000000040
ram              0x0000000000001100 0x0000000000002000 xw
rom              0x0000000000003100 0x000000000000cebe xr
vectors          0x000000000000ffc0 0x0000000000000040
far_rom          0x0000000000010000 0x000000000000a000
bsl              0x0000000000000000 0x0000000000000000
ram2             0x0000000000000000 0x0000000000000000 xw
usbram           0x0000000000000000 0x0000000000000000 xw
*default*        0x0000000000000000 0xffffffffffffffff

Linker script and memory map

LOAD /usr/local/bin/../lib/gcc/msp430/4.7.4/mcpu-430x/mmpy-16/msr20/mc20/crt0ivtbl32.o
                0x0000000000000041                __P1SEL2 = 0x41
                0x0000000000000045                __P5SEL2 = 0x45
                0x0000000000002984                _stack = _end
LOAD build/z1/obj/adxl345.o
LOAD build/z1/obj/aes-128.o
LOAD build/z1/obj/anti-replay.o
LOAD build/z1/obj/assert.o
LOAD build/z1/obj/atomic.o
LOAD build/z1/obj/autostart.o
LOAD build/z1/obj/battery-sensor.o
LOAD build/z1/obj/bitrev.o
LOAD build/z1/obj/button-hal.o
LOAD build/z1/obj/button-sensor.o
LOAD build/z1/obj/cbor.o
LOAD build/z1/obj/cc2420-arch-sfd.o
LOAD build/z1/obj/cc2420-arch.o
LOAD build/z1/obj/cc2420-tsch-15ms.o
LOAD build/z1/obj/cc2420.o
LOAD build/z1/obj/ccm-star-packetbuf.o
LOAD build/z1/obj/ccm-star.o
LOAD build/z1/obj/cfs-coffee.o
LOAD build/z1/obj/circular-list.o
LOAD build/z1/obj/clock.o
LOAD build/z1/obj/compower.o
LOAD build/z1/obj/contiki-main.o
LOAD build/z1/obj/crc16.o
LOAD build/z1/obj/csma-output.o
LOAD build/z1/obj/csma-security.o
LOAD build/z1/obj/csma.o
LOAD build/z1/obj/csprng.o
LOAD build/z1/obj/ctimer.o
LOAD build/z1/obj/dbl-circ-list.o
LOAD build/z1/obj/dbl-list.o
LOAD build/z1/obj/ecc-curve.o
LOAD build/z1/obj/energest.o
LOAD build/z1/obj/etimer.o
LOAD build/z1/obj/flash.o
LOAD build/z1/obj/frame802154.o
LOAD build/z1/obj/frame802154e-ie.o
LOAD build/z1/obj/framer-802154.o
LOAD build/z1/obj/gpio-hal.o
LOAD build/z1/obj/heapmem.o
LOAD build/z1/obj/hexconv.o
LOAD build/z1/obj/i2cmaster.o
LOAD build/z1/obj/ifft.o
LOAD build/z1/obj/int-master.o
LOAD build/z1/obj/ip64-addr.o
LOAD build/z1/obj/iq-seeder.o
LOAD build/z1/obj/leds-arch.o
LOAD build/z1/obj/leds.o
LOAD build/z1/obj/light-sensor.o
LOAD build/z1/obj/link-stats.o
LOAD build/z1/obj/linkaddr.o
LOAD build/z1/obj/list.o
LOAD build/z1/obj/log.o
LOAD build/z1/obj/lpm.o
LOAD build/z1/obj/mac-sequence.o
LOAD build/z1/obj/memb.o
LOAD build/z1/obj/msp430.o
LOAD build/z1/obj/mutex.o
LOAD build/z1/obj/nbr-table.o
LOAD build/z1/obj/net-debug.o
LOAD build/z1/obj/netstack.o
LOAD build/z1/obj/node-id-z1.o
LOAD build/z1/obj/node-id.o
LOAD build/z1/obj/nullframer.o
LOAD build/z1/obj/nullradio.o
LOAD build/z1/obj/ota-metadata.o
LOAD build/z1/obj/packetbuf.o
LOAD build/z1/obj/platform.o
LOAD build/z1/obj/process-mutex.o
LOAD build/z1/obj/process.o
LOAD build/z1/obj/psock.o
LOAD build/z1/obj/queuebuf.o
LOAD build/z1/obj/random.o
LOAD build/z1/obj/ringbuf.o
LOAD build/z1/obj/ringbufindex.o
LOAD build/z1/obj/rpl-dag-root.o
LOAD build/z1/obj/rpl-dag.o
LOAD build/z1/obj/rpl-ext-header.o
LOAD build/z1/obj/rpl-icmp6.o
LOAD build/z1/obj/rpl-mrhof.o
LOAD build/z1/obj/rpl-nbr-policy.o
LOAD build/z1/obj/rpl-neighbor.o
LOAD build/z1/obj/rpl-of0.o
LOAD build/z1/obj/rpl-timers.o
LOAD build/z1/obj/rpl.o
LOAD build/z1/obj/rtimer-arch.o
LOAD build/z1/obj/rtimer.o
LOAD build/z1/obj/sensors.o
LOAD build/z1/obj/serial-line.o
LOAD build/z1/obj/sfc16-prng.o
LOAD build/z1/obj/sfc32-prng.o
LOAD build/z1/obj/sha-256.o
LOAD build/z1/obj/sicslowpan.o
LOAD build/z1/obj/simple-udp.o
LOAD build/z1/obj/sky-sensors.o
LOAD build/z1/obj/slip.o
LOAD build/z1/obj/slip_uart0.o
LOAD build/z1/obj/spi-legacy.o
LOAD build/z1/obj/spi.o
LOAD build/z1/obj/stack-check.o
LOAD build/z1/obj/stimer.o
LOAD build/z1/obj/tcp-socket.o
LOAD build/z1/obj/tcpip.o
LOAD build/z1/obj/temperature-sensor.o
LOAD build/z1/obj/timer.o
LOAD build/z1/obj/tmp102.o
LOAD build/z1/obj/trickle-timer.o
LOAD build/z1/obj/uart-putchar.o
LOAD build/z1/obj/uart0.o
LOAD build/z1/obj/udp-client.o
LOAD build/z1/obj/udp-socket.o
LOAD build/z1/obj/uip-ds6-nbr.o
LOAD build/z1/obj/uip-ds6-route.o
LOAD build/z1/obj/uip-ds6.o
LOAD build/z1/obj/uip-icmp6.o
LOAD build/z1/obj/uip-ipchksum.o
LOAD build/z1/obj/uip-nameserver.o
LOAD build/z1/obj/uip-nd6.o
LOAD build/z1/obj/uip-packetqueue.o
LOAD build/z1/obj/uip-sr.o
LOAD build/z1/obj/uip-udp-packet.o
LOAD build/z1/obj/uip6.o
LOAD build/z1/obj/uipbuf.o
LOAD build/z1/obj/uiplib.o
LOAD build/z1/obj/watchdog.o
LOAD build/z1/obj/xmem.o
LOAD build/z1/obj/z1-phidgets.o
LOAD build/z1/obj/z1-sensors.o
LOAD /usr/local/bin/../lib/gcc/msp430/4.7.4/mcpu-430x/mmpy-16/msr20/mc20/libgcc.a
LOAD /usr/local/bin/../lib/gcc/msp430/4.7.4/../../../../msp430/lib/mcpu-430x/mmpy-16/msr20/mc20/libc.a
LOAD /usr/local/bin/../lib/gcc/msp430/4.7.4/mcpu-430x/mmpy-16/msr20/mc20/libgcc.a
LOAD /usr/local/bin/../lib/gcc/msp430/4.7.4/mcpu-430x/mmpy-16/msr20/mc20/libcrt0.a
                0x0000000000000040                PROVIDE (__info_segment_size, 0x40)
                0x0000000000001000                PROVIDE (__infod, 0x1000)
                0x0000000000001040                PROVIDE (__infoc, 0x1040)
                0x0000000000001080                PROVIDE (__infob, 0x1080)
                0x00000000000010c0                PROVIDE (__infoa, 0x10c0)
                0x0000000000000000                __IE1 = 0x0
                0x0000000000000002                __IFG1 = 0x2
                0x0000000000000001                __IE2 = 0x1
                0x0000000000000003                __IFG2 = 0x3
                0x0000000000000006                __UC1IE = 0x6
                0x0000000000000007                __UC1IFG = 0x7
                0x00000000000001a0                __ADC12CTL0 = 0x1a0
                0x00000000000001a2                __ADC12CTL1 = 0x1a2
                0x00000000000001a4                __ADC12IFG = 0x1a4
                0x00000000000001a6                __ADC12IE = 0x1a6
                0x00000000000001a8                __ADC12IV = 0x1a8
                0x0000000000000140                __ADC12MEM0 = 0x140
                0x0000000000000142                __ADC12MEM1 = 0x142
                0x0000000000000144                __ADC12MEM2 = 0x144
                0x0000000000000146                __ADC12MEM3 = 0x146
                0x0000000000000148                __ADC12MEM4 = 0x148
                0x000000000000014a                __ADC12MEM5 = 0x14a
                0x000000000000014c                __ADC12MEM6 = 0x14c
                0x000000000000014e                __ADC12MEM7 = 0x14e
                0x0000000000000150                __ADC12MEM8 = 0x150
                0x0000000000000152                __ADC12MEM9 = 0x152
                0x0000000000000154                __ADC12MEM10 = 0x154
                0x0000000000000156                __ADC12MEM11 = 0x156
                0x0000000000000158                __ADC12MEM12 = 0x158
                0x000000000000015a                __ADC12MEM13 = 0x15a
                0x000000000000015c                __ADC12MEM14 = 0x15c
                0x000000000000015e                __ADC12MEM15 = 0x15e
                0x0000000000000080                __ADC12MCTL0 = 0x80
                0x0000000000000081                __ADC12MCTL1 = 0x81
                0x0000000000000082                __ADC12MCTL2 = 0x82
                0x0000000000000083                __ADC12MCTL3 = 0x83
                0x0000000000000084                __ADC12MCTL4 = 0x84
                0x0000000000000085                __ADC12MCTL5 = 0x85
                0x0000000000000086                __ADC12MCTL6 = 0x86
                0x0000000000000087                __ADC12MCTL7 = 0x87
                0x0000000000000088                __ADC12MCTL8 = 0x88
                0x0000000000000089                __ADC12MCTL9 = 0x89
                0x000000000000008a                __ADC12MCTL10 = 0x8a
                0x000000000000008b                __ADC12MCTL11 = 0x8b
                0x000000000000008c                __ADC12MCTL12 = 0x8c
                0x000000000000008d                __ADC12MCTL13 = 0x8d
                0x000000000000008e                __ADC12MCTL14 = 0x8e
                0x000000000000008f                __ADC12MCTL15 = 0x8f
                0x0000000000000056                __DCOCTL = 0x56
                0x0000000000000057                __BCSCTL1 = 0x57
                0x0000000000000058                __BCSCTL2 = 0x58
                0x0000000000000053                __BCSCTL3 = 0x53
                0x0000000000000059                __CACTL1 = 0x59
                0x000000000000005a                __CACTL2 = 0x5a
                0x000000000000005b                __CAPD = 0x5b
                0x00000000000001c0                __DAC12_0CTL = 0x1c0
                0x00000000000001c2                __DAC12_1CTL = 0x1c2
                0x00000000000001c8                __DAC12_0DAT = 0x1c8
                0x00000000000001ca                __DAC12_1DAT = 0x1ca
                0x0000000000000122                __DMACTL0 = 0x122
                0x0000000000000124                __DMACTL1 = 0x124
                0x0000000000000126                __DMAIV = 0x126
                0x00000000000001d0                __DMA0CTL = 0x1d0
                0x00000000000001dc                __DMA1CTL = 0x1dc
                0x00000000000001e8                __DMA2CTL = 0x1e8
                0x00000000000001d2                __DMA0SA = 0x1d2
                0x00000000000001d2                __DMA0SAL = 0x1d2
                0x00000000000001d6                __DMA0DA = 0x1d6
                0x00000000000001d6                __DMA0DAL = 0x1d6
                0x00000000000001da                __DMA0SZ = 0x1da
                0x00000000000001de                __DMA1SA = 0x1de
                0x00000000000001de                __DMA1SAL = 0x1de
                0x00000000000001e2                __DMA1DA = 0x1e2
                0x00000000000001e2                __DMA1DAL = 0x1e2
                0x00000000000001e6                __DMA1SZ = 0x1e6
                0x00000000000001ea                __DMA2SA = 0x1ea
                0x00000000000001ea                __DMA2SAL = 0x1ea
                0x00000000000001ee                __DMA2DA = 0x1ee
                0x00000000000001ee                __DMA2DAL = 0x1ee
                0x00000000000001f2                __DMA2SZ = 0x1f2
                0x0000000000000128                __FCTL1 = 0x128
                0x000000000000012a                __FCTL2 = 0x12a
                0x000000000000012c                __FCTL3 = 0x12c
                0x00000000000001be                __FCTL4 = 0x1be
                0x0000000000000130                __MPY = 0x130
                0x0000000000000132                __MPYS = 0x132
                0x0000000000000134                __MAC = 0x134
                0x0000000000000136                __MACS = 0x136
                0x0000000000000138                __OP2 = 0x138
                0x000000000000013a                __RESLO = 0x13a
                0x000000000000013c                __RESHI = 0x13c
                0x000000000000013e                __SUMEXT = 0x13e
                0x0000000000000020                __P1IN = 0x20
                0x0000000000000021                __P1OUT = 0x21
                0x0000000000000022                __P1DIR = 0x22
                0x0000000000000023                __P1IFG = 0x23
                0x0000000000000024                __P1IES = 0x24
                0x0000000000000025                __P1IE = 0x25
                0x0000000000000026                __P1SEL = 0x26
                0x0000000000000027                __P1REN = 0x27
                0x0000000000000028                __P2IN = 0x28
                0x0000000000000029                __P2OUT = 0x29
                0x000000000000002a                __P2DIR = 0x2a
                0x000000000000002b                __P2IFG = 0x2b
                0x000000000000002c                __P2IES = 0x2c
                0x000000000000002d                __P2IE = 0x2d
                0x000000000000002e                __P2SEL = 0x2e
                0x000000000000002f                __P2REN = 0x2f
                0x0000000000000018                __P3IN = 0x18
                0x0000000000000019                __P3OUT = 0x19
                0x000000000000001a                __P3DIR = 0x1a
                0x000000000000001b                __P3SEL = 0x1b
                0x0000000000000010                __P3REN = 0x10
                0x000000000000001c                __P4IN = 0x1c
                0x000000000000001d                __P4OUT = 0x1d
                0x000000000000001e                __P4DIR = 0x1e
                0x000000000000001f                __P4SEL = 0x1f
                0x0000000000000011                __P4REN = 0x11
                0x0000000000000030                __P5IN = 0x30
                0x0000000000000031                __P5OUT = 0x31
                0x0000000000000032                __P5DIR = 0x32
                0x0000000000000033                __P5SEL = 0x33
                0x0000000000000012                __P5REN = 0x12
                0x0000000000000034                __P6IN = 0x34
                0x0000000000000035                __P6OUT = 0x35
                0x0000000000000036                __P6DIR = 0x36
                0x0000000000000037                __P6SEL = 0x37
                0x0000000000000013                __P6REN = 0x13
                0x0000000000000038                __P7IN = 0x38
                0x000000000000003a                __P7OUT = 0x3a
                0x000000000000003c                __P7DIR = 0x3c
                0x000000000000003e                __P7SEL = 0x3e
                0x0000000000000014                __P7REN = 0x14
                0x0000000000000039                __P8IN = 0x39
                0x000000000000003b                __P8OUT = 0x3b
                0x000000000000003d                __P8DIR = 0x3d
                0x000000000000003f                __P8SEL = 0x3f
                0x0000000000000015                __P8REN = 0x15
                0x0000000000000038                __PAIN = 0x38
                0x000000000000003a                __PAOUT = 0x3a
                0x000000000000003c                __PADIR = 0x3c
                0x000000000000003e                __PASEL = 0x3e
                0x0000000000000014                __PAREN = 0x14
                0x0000000000000055                __SVSCTL = 0x55
                0x000000000000012e                __TAIV = 0x12e
                0x0000000000000160                __TACTL = 0x160
                0x0000000000000162                __TACCTL0 = 0x162
                0x0000000000000164                __TACCTL1 = 0x164
                0x0000000000000166                __TACCTL2 = 0x166
                0x0000000000000170                __TAR = 0x170
                0x0000000000000172                __TACCR0 = 0x172
                0x0000000000000174                __TACCR1 = 0x174
                0x0000000000000176                __TACCR2 = 0x176
                0x000000000000011e                __TBIV = 0x11e
                0x0000000000000180                __TBCTL = 0x180
                0x0000000000000182                __TBCCTL0 = 0x182
                0x0000000000000184                __TBCCTL1 = 0x184
                0x0000000000000186                __TBCCTL2 = 0x186
                0x0000000000000188                __TBCCTL3 = 0x188
                0x000000000000018a                __TBCCTL4 = 0x18a
                0x000000000000018c                __TBCCTL5 = 0x18c
                0x000000000000018e                __TBCCTL6 = 0x18e
                0x0000000000000190                __TBR = 0x190
                0x0000000000000192                __TBCCR0 = 0x192
                0x0000000000000194                __TBCCR1 = 0x194
                0x0000000000000196                __TBCCR2 = 0x196
                0x0000000000000198                __TBCCR3 = 0x198
                0x000000000000019a                __TBCCR4 = 0x19a
                0x000000000000019c                __TBCCR5 = 0x19c
                0x000000000000019e                __TBCCR6 = 0x19e
                0x0000000000000060                __UCA0CTL0 = 0x60
                0x0000000000000061                __UCA0CTL1 = 0x61
                0x0000000000000062                __UCA0BR0 = 0x62
                0x0000000000000063                __UCA0BR1 = 0x63
                0x0000000000000064                __UCA0MCTL = 0x64
                0x0000000000000065                __UCA0STAT = 0x65
                0x0000000000000066                __UCA0RXBUF = 0x66
                0x0000000000000067                __UCA0TXBUF = 0x67
                0x000000000000005d                __UCA0ABCTL = 0x5d
                0x000000000000005e                __UCA0IRTCTL = 0x5e
                0x000000000000005f                __UCA0IRRCTL = 0x5f
                0x0000000000000068                __UCB0CTL0 = 0x68
                0x0000000000000069                __UCB0CTL1 = 0x69
                0x000000000000006a                __UCB0BR0 = 0x6a
                0x000000000000006b                __UCB0BR1 = 0x6b
                0x000000000000006c                __UCB0I2CIE = 0x6c
                0x000000000000006d                __UCB0STAT = 0x6d
                0x000000000000006e                __UCB0RXBUF = 0x6e
                0x000000000000006f                __UCB0TXBUF = 0x6f
                0x0000000000000118                __UCB0I2COA = 0x118
                0x000000000000011a                __UCB0I2CSA = 0x11a
                0x00000000000000d0                __UCA1CTL0 = 0xd0
                0x00000000000000d1                __UCA1CTL1 = 0xd1
                0x00000000000000d2                __UCA1BR0 = 0xd2
                0x00000000000000d3                __UCA1BR1 = 0xd3
                0x00000000000000d4                __UCA1MCTL = 0xd4
                0x00000000000000d5                __UCA1STAT = 0xd5
                0x00000000000000d6                __UCA1RXBUF = 0xd6
                0x00000000000000d7                __UCA1TXBUF = 0xd7
                0x00000000000000cd                __UCA1ABCTL = 0xcd
                0x00000000000000ce                __UCA1IRTCTL = 0xce
                0x00000000000000cf                __UCA1IRRCTL = 0xcf
                0x00000000000000d8                __UCB1CTL0 = 0xd8
                0x00000000000000d9                __UCB1CTL1 = 0xd9
                0x00000000000000da                __UCB1BR0 = 0xda
                0x00000000000000db                __UCB1BR1 = 0xdb
                0x00000000000000dc                __UCB1I2CIE = 0xdc
                0x00000000000000dd                __UCB1STAT = 0xdd
                0x00000000000000de                __UCB1RXBUF = 0xde
                0x00000000000000df                __UCB1TXBUF = 0xdf
                0x000000000000017c                __UCB1I2COA = 0x17c
                0x000000000000017e                __UCB1I2CSA = 0x17e
                0x0000000000000120                __WDTCTL = 0x120
                0x00000000000010c0                __TLV_CHECKSUM = 0x10c0
                0x00000000000010f6                __TLV_DCO_30_TAG = 0x10f6
                0x00000000000010f7                __TLV_DCO_30_LEN = 0x10f7
                0x00000000000010da                __TLV_ADC12_1_TAG = 0x10da
                0x00000000000010db                __TLV_ADC12_1_LEN = 0x10db
                0x00000000000010f8                __CALDCO_16MHZ = 0x10f8
                0x00000000000010f9                __CALBC1_16MHZ = 0x10f9
                0x00000000000010fa                __CALDCO_12MHZ = 0x10fa
                0x00000000000010fb                __CALBC1_12MHZ = 0x10fb
                0x00000000000010fc                __CALDCO_8MHZ = 0x10fc
                0x00000000000010fd                __CALBC1_8MHZ = 0x10fd
                0x00000000000010fe                __CALDCO_1MHZ = 0x10fe
                0x00000000000010ff                __CALBC1_1MHZ = 0x10ff

.hash
 *(SORT(.hash))

.dynsym
 *(SORT(.dynsym))

.dynstr
 *(SORT(.dynstr))

.gnu.version
 *(SORT(.gnu.version))

.gnu.version_d
 *(SORT(.gnu.version_d))

.gnu.version_r
 *(SORT(.gnu.version_r))

.rel.init
 *(SORT(.rel.init))

.rela.init
 *(SORT(.rela.init))

.rel.fini
 *(SORT(.rel.fini))

.rela.fini
 *(SORT(.rela.fini))

.rel.text
 *(SORT(.rel.text) SORT(.rel.text.*) SORT(.rel.gnu.linkonce.t.*))

.rela.text
 *(SORT(.rela.text) SORT(.rela.text.*) SORT(.rela.gnu.linkonce.t.*))

.rel.rodata
 *(SORT(.rel.rodata) SORT(.rel.rodata.*) SORT(.rel.gnu.linkonce.r.*))

.rela.rodata
 *(SORT(.rela.rodata) SORT(.rela.rodata.*) SORT(.rela.gnu.linkonce.r.*))

.rel.data
 *(SORT(.rel.data) SORT(.rel.data.*) SORT(.rel.gnu.linkonce.d.*))

.rela.data
 *(SORT(.rela.data) SORT(.rela.data.*) SORT(.rela.gnu.linkonce.d.*))

.rel.bss
 *(SORT(.rel.bss) SORT(.rel.bss.*) SORT(.rel.gnu.linkonce.b.*))

.rela.bss
 *(SORT(.rela.bss) SORT(.rela.bss.*) SORT(.rela.gnu.linkonce.b.*))

.rel.ctors
 *(SORT(.rel.ctors))

.rela.ctors
 *(SORT(.rela.ctors))

.rel.dtors
 *(SORT(.rel.dtors))

.rela.dtors
 *(SORT(.rela.dtors))

.rel.got
 *(SORT(.rel.got))

.rela.got
 *(SORT(.rela.got))

.rel.plt
 *(SORT(.rel.plt))

.rela.plt
 *(SORT(.rela.plt))

.text           0x0000000000003100     0x8826
                0x0000000000003100                . = ALIGN (0x2)
 *(SORT(.init) SORT(.init.*))
 *(SORT(.init0))
 .init0         0x0000000000003100        0x0 /usr/local/bin/../lib/gcc/msp430/4.7.4/mcpu-430x/mmpy-16/msr20/mc20/libcrt0.a(_reset_vector__.o)
                0x0000000000003100                _reset_vector__
 *(SORT(.init1))
 .init1         0x0000000000003100        0xc /usr/local/bin/../lib/gcc/msp430/4.7.4/mcpu-430x/mmpy-16/msr20/mc20/libcrt0.a(__watchdog_support.o)
                0x0000000000003100                __watchdog_support
 *(SORT(.init2))
 .init2         0x000000000000310c        0x4 /usr/local/bin/../lib/gcc/msp430/4.7.4/mcpu-430x/mmpy-16/msr20/mc20/libcrt0.a(__init_stack.o)
                0x000000000000310c                __init_stack
 *(SORT(.init3))
 .init3         0x0000000000003110        0x0 /usr/local/bin/../lib/gcc/msp430/4.7.4/mcpu-430x/mmpy-16/msr20/mc20/libcrt0.a(__low_level_init.o)
                0x0000000000003110                __low_level_init
 *(SORT(.init4))
 .init4         0x0000000000003110       0x18 /usr/local/bin/../lib/gcc/msp430/4.7.4/mcpu-430x/mmpy-16/msr20/mc20/libcrt0.a(_copy_data.o)
                0x0000000000003110                __do_copy_data
 .init4         0x0000000000003128       0x16 /usr/local/bin/../lib/gcc/msp430/4.7.4/mcpu-430x/mmpy-16/msr20/mc20/libcrt0.a(_clear_bss.o)
                0x0000000000003128                __do_clear_bss
 *(SORT(.init5))
 *(SORT(.init6))
 *(SORT(.init7))
 *(SORT(.init8))
 *(SORT(.init9))
 .init9         0x000000000000313e      0x23c build/z1/obj/contiki-main.o
                0x000000000000313e                main
 *(SORT(.fini9))
 .fini9         0x000000000000337a        0x0 /usr/local/bin/../lib/gcc/msp430/4.7.4/mcpu-430x/mmpy-16/msr20/mc20/libcrt0.a(__stop_progExec__.o)
                0x000000000000337a                __stop_progExec__
 *(SORT(.fini8))
 *(SORT(.fini7))
 *(SORT(.fini6))
 *(SORT(.fini5))
 *(SORT(.fini4))
 *(SORT(.fini3))
 *(SORT(.fini2))
 *(SORT(.fini1))
 *(SORT(.fini0))
 .fini0         0x000000000000337a        0x6 /usr/local/bin/../lib/gcc/msp430/4.7.4/mcpu-430x/mmpy-16/msr20/mc20/libcrt0.a(_endless_loop__.o)
                0x000000000000337a                _endless_loop__
 *(SORT(.fini) SORT(.fini.*))
                0x0000000000003380                . = ALIGN (0x2)
                0x0000000000003380                __ctors_start = .
 *(SORT(.ctors))
                0x0000000000003380                __ctors_end = .
                0x0000000000003380                __dtors_start = .
 *(SORT(.dtors))
                0x0000000000003380                __dtors_end = .
                0x0000000000003380                . = ALIGN (0x2)
 *(SORT(.text) SORT(.text.*) SORT(.gnu.linkonce.t.*))
 .text          0x0000000000003380        0x4 /usr/local/bin/../lib/gcc/msp430/4.7.4/mcpu-430x/mmpy-16/msr20/mc20/crt0ivtbl32.o
                0x0000000000003380                __isr_14
                0x0000000000003380                __isr_4
                0x0000000000003380                __isr_29
                0x0000000000003380                __isr_11
                0x0000000000003380                __isr_5
                0x0000000000003380                __isr_2
                0x0000000000003380                __isr_10
                0x0000000000003380                __isr_7
                0x0000000000003380                __isr_0
                0x0000000000003380                __isr_8
                0x0000000000003380                __isr_20
                0x0000000000003380                __isr_3
                0x0000000000003380                __isr_12
                0x0000000000003380                __isr_13
                0x0000000000003380                __isr_27
                0x0000000000003380                __isr_9
                0x0000000000003380                __isr_30
                0x0000000000003380                __isr_6
                0x0000000000003380                __isr_22
                0x0000000000003380                __isr_1
                0x0000000000003380                __isr_15
                0x0000000000003380                __isr_21
 .text.crt0     0x0000000000003384        0x2 /usr/local/bin/../lib/gcc/msp430/4.7.4/mcpu-430x/mmpy-16/msr20/mc20/libcrt0.a(_unexpected_.o)
                0x0000000000003384                _unexpected_
 .text.libgcc   0x0000000000003386       0x26 /usr/local/bin/../lib/gcc/msp430/4.7.4/mcpu-430x/mmpy-16/msr20/mc20/libgcc.a(_mulsi3.o)
                0x0000000000003386                __mulsi3
 .text.libgcc   0x00000000000033ac       0x22 /usr/local/bin/../lib/gcc/msp430/4.7.4/mcpu-430x/mmpy-16/msr20/mc20/libgcc.a(_udivmod16.o)
                0x00000000000033ac                __udivhi3
                0x00000000000033ac                __ext_udivmod16
                0x00000000000033c6                __umodhi3
 .text.libgcc   0x00000000000033ce       0x3a /usr/local/bin/../lib/gcc/msp430/4.7.4/mcpu-430x/mmpy-16/msr20/mc20/libgcc.a(_divmod16.o)
                0x00000000000033ce                __ext_divmod16
                0x00000000000033ce                __divhi3
                0x0000000000003400                __modhi3
 .text.libgcc   0x0000000000003408       0x38 /usr/local/bin/../lib/gcc/msp430/4.7.4/mcpu-430x/mmpy-16/msr20/mc20/libgcc.a(_udivmod32.o)
                0x0000000000003408                __udivsi3
                0x0000000000003408                __ext_udivmod32
                0x0000000000003436                __umodsi3
 .text.libgcc   0x0000000000003440       0x4c /usr/local/bin/../lib/gcc/msp430/4.7.4/mcpu-430x/mmpy-16/msr20/mc20/libgcc.a(_divmod32.o)
                0x0000000000003440                __ext_divmod32
                0x0000000000003440                __divsi3
                0x0000000000003482                __modsi3
 .text.libgcc   0x000000000000348c       0xbc /usr/local/bin/../lib/gcc/msp430/4.7.4/mcpu-430x/mmpy-16/msr20/mc20/libgcc.a(_udivmod64.o)
                0x000000000000348c                __xabi_udivmod64
                0x00000000000034de                __udivdi3
                0x00000000000034f8                __umoddi3
                0x000000000000351a                __udivmoddi4
 *(SORT(.near.text) SORT(.near.text.*))
 .near.text.port1_isr
                0x0000000000003548       0x84 build/z1/obj/adxl345.o
                0x0000000000003548                port1_isr
                0x0000000000003548                __isr_18
 .near.text.irq_p2
                0x00000000000035cc       0x3c build/z1/obj/button-sensor.o
                0x00000000000035cc                irq_p2
                0x00000000000035cc                __isr_19
 .near.text.cc2420_timerb1_interrupt
                0x0000000000003608       0x26 build/z1/obj/cc2420-arch-sfd.o
                0x0000000000003608                cc2420_timerb1_interrupt
                0x0000000000003608                __isr_28
 .near.text.timera1
                0x000000000000362e       0xcc build/z1/obj/clock.o
                0x000000000000362e                __isr_24
                0x000000000000362e                timera1
 .near.text.i2c_tx_interrupt
                0x00000000000036fa       0x84 build/z1/obj/i2cmaster.o
                0x00000000000036fa                __isr_16
                0x00000000000036fa                i2c_tx_interrupt
 .near.text.i2c_rx_interrupt
                0x000000000000377e       0x14 build/z1/obj/i2cmaster.o
                0x000000000000377e                i2c_rx_interrupt
                0x000000000000377e                __isr_17
 .near.text.timera0
                0x0000000000003792       0x20 build/z1/obj/rtimer-arch.o
                0x0000000000003792                __isr_25
                0x0000000000003792                timera0
 .near.text.uart0_rx_interrupt
                0x00000000000037b2       0x2a build/z1/obj/uart0.o
                0x00000000000037b2                __isr_23
                0x00000000000037b2                uart0_rx_interrupt
 .near.text.watchdog_interrupt
                0x00000000000037dc        0x6 build/z1/obj/watchdog.o
                0x00000000000037dc                __isr_26
                0x00000000000037dc                watchdog_interrupt
 .any.text.status
                0x00000000000037e2       0x12 build/z1/obj/adxl345.o
 .any.text.accm_write_reg
                0x00000000000037f4       0x2e build/z1/obj/adxl345.o
 .any.text.accm_write_stream
                0x0000000000003822       0x2a build/z1/obj/adxl345.o
 .any.text.accm_read_reg
                0x000000000000384c       0x54 build/z1/obj/adxl345.o
 .any.text.process_thread_accmeter_process
                0x00000000000038a0       0x56 build/z1/obj/adxl345.o
 .any.text.accm_read_axis.part.0
                0x00000000000038f6       0x5a build/z1/obj/adxl345.o
 .any.text.value
                0x0000000000003950       0x1e build/z1/obj/adxl345.o
 .any.text.accm_init
                0x000000000000396e       0x78 build/z1/obj/adxl345.o
                0x000000000000396e                accm_init
 .any.text.accm_stop
                0x00000000000039e6       0x32 build/z1/obj/adxl345.o
                0x00000000000039e6                accm_stop
 .any.text.configure
                0x0000000000003a18       0x26 build/z1/obj/adxl345.o
 .any.text.autostart_start
                0x0000000000003a3e       0x16 build/z1/obj/autostart.o
                0x0000000000003a3e                autostart_start
 .any.text.status
                0x0000000000003a54       0x18 build/z1/obj/button-sensor.o
 .any.text.value
                0x0000000000003a6c       0x1a build/z1/obj/button-sensor.o
 .any.text.configure
                0x0000000000003a86       0x4e build/z1/obj/button-sensor.o
 .any.text.cc2420_arch_init
                0x0000000000003ad4       0x1a build/z1/obj/cc2420-arch.o
                0x0000000000003ad4                cc2420_arch_init
 .any.text.get_object
                0x0000000000003aee        0x4 build/z1/obj/cc2420.o
 .any.text.set_object
                0x0000000000003af2        0x4 build/z1/obj/cc2420.o
 .any.text.strobe
                0x0000000000003af6       0x1a build/z1/obj/cc2420.o
 .any.text.getreg
                0x0000000000003b10       0x46 build/z1/obj/cc2420.o
 .any.text.setreg
                0x0000000000003b56       0x44 build/z1/obj/cc2420.o
 .any.text.write_ram
                0x0000000000003b9a       0x72 build/z1/obj/cc2420.o
 .any.text.write_fifo_buf
                0x0000000000003c0c       0x38 build/z1/obj/cc2420.o
 .any.text.get_status
                0x0000000000003c44       0x1e build/z1/obj/cc2420.o
 .any.text.on   0x0000000000003c62       0x1a build/z1/obj/cc2420.o
 .any.text.cc2420_receiving_packet
                0x0000000000003c7c        0xa build/z1/obj/cc2420.o
 .any.text.pending_packet
                0x0000000000003c86        0xa build/z1/obj/cc2420.o
 .any.text.wait_for_transmission
                0x0000000000003c90       0x22 build/z1/obj/cc2420.o
 .any.text.wait_for_status
                0x0000000000003cb2       0x24 build/z1/obj/cc2420.o
 .any.text.getrxdata
                0x0000000000003cd6       0x4c build/z1/obj/cc2420.o
 .any.text.flushrx
                0x0000000000003d22       0x1a build/z1/obj/cc2420.o
 .any.text.off  0x0000000000003d3c       0x28 build/z1/obj/cc2420.o
 .any.text.RELEASE_LOCK
                0x0000000000003d64       0x28 build/z1/obj/cc2420.o
 .any.text.set_frame_filtering
                0x0000000000003d8c       0x30 build/z1/obj/cc2420.o
 .any.text.set_auto_ack
                0x0000000000003dbc       0x30 build/z1/obj/cc2420.o
 .any.text.set_poll_mode
                0x0000000000003dec       0x2c build/z1/obj/cc2420.o
 .any.text.cc2420_prepare
                0x0000000000003e18       0x42 build/z1/obj/cc2420.o
 .any.text.cc2420_on
                0x0000000000003e5a       0x22 build/z1/obj/cc2420.o
                0x0000000000003e5a                cc2420_on
 .any.text.cc2420_transmit
                0x0000000000003e7c       0x66 build/z1/obj/cc2420.o
 .any.text.cc2420_send
                0x0000000000003ee2       0x12 build/z1/obj/cc2420.o
 .any.text.cc2420_off
                0x0000000000003ef4       0x30 build/z1/obj/cc2420.o
                0x0000000000003ef4                cc2420_off
 .any.text.cc2420_cca
                0x0000000000003f24       0x54 build/z1/obj/cc2420.o
 .any.text.cc2420_read
                0x0000000000003f78       0xba build/z1/obj/cc2420.o
 .any.text.process_thread_cc2420_process
                0x0000000000004032       0x56 build/z1/obj/cc2420.o
 .any.text.cc2420_set_channel
                0x0000000000004088       0x3a build/z1/obj/cc2420.o
                0x0000000000004088                cc2420_set_channel
 .any.text.cc2420_set_pan_addr
                0x00000000000040c2       0x4c build/z1/obj/cc2420.o
                0x00000000000040c2                cc2420_set_pan_addr
 .any.text.cc2420_interrupt
                0x000000000000410e       0x16 build/z1/obj/cc2420.o
                0x000000000000410e                cc2420_interrupt
 .any.text.cc2420_set_txpower
                0x0000000000004124       0x2c build/z1/obj/cc2420.o
                0x0000000000004124                cc2420_set_txpower
 .any.text.cc2420_get_txpower
                0x0000000000004150       0x1e build/z1/obj/cc2420.o
                0x0000000000004150                cc2420_get_txpower
 .any.text.cc2420_rssi
                0x000000000000416e       0x48 build/z1/obj/cc2420.o
                0x000000000000416e                cc2420_rssi
 .any.text.get_value
                0x00000000000041b6      0x11e build/z1/obj/cc2420.o
 .any.text.cc2420_set_cca_threshold
                0x00000000000042d4       0x16 build/z1/obj/cc2420.o
                0x00000000000042d4                cc2420_set_cca_threshold
 .any.text.set_value
                0x00000000000042ea      0x14a build/z1/obj/cc2420.o
 .any.text.cc2420_init
                0x0000000000004434       0xea build/z1/obj/cc2420.o
                0x0000000000004434                cc2420_init
 .any.text.clock_time
                0x000000000000451e       0x1a build/z1/obj/clock.o
                0x000000000000451e                clock_time
 .any.text.clock_init
                0x0000000000004538       0x28 build/z1/obj/clock.o
                0x0000000000004538                clock_init
 .any.text.clock_delay
                0x0000000000004560        0xc build/z1/obj/clock.o
                0x0000000000004560                clock_delay
 .any.text.clock_wait
                0x000000000000456c       0x24 build/z1/obj/clock.o
                0x000000000000456c                clock_wait
 .any.text.clock_seconds
                0x0000000000004590       0x1a build/z1/obj/clock.o
                0x0000000000004590                clock_seconds
 .any.text.schedule_transmission
                0x00000000000045aa       0x6a build/z1/obj/csma-output.o
 .any.text.tx_done
                0x0000000000004614       0x84 build/z1/obj/csma-output.o
 .any.text.transmit_from_queue
                0x0000000000004698      0x1b2 build/z1/obj/csma-output.o
 .any.text.csma_output_packet
                0x000000000000484a      0x136 build/z1/obj/csma-output.o
                0x000000000000484a                csma_output_packet
 .any.text.csma_output_init
                0x0000000000004980       0x1a build/z1/obj/csma-output.o
                0x0000000000004980                csma_output_init
 .any.text.on   0x000000000000499a        0x6 build/z1/obj/csma.o
 .any.text.off  0x00000000000049a0        0x6 build/z1/obj/csma.o
 .any.text.max_payload
                0x00000000000049a6       0x38 build/z1/obj/csma.o
 .any.text.send_packet
                0x00000000000049de        0x6 build/z1/obj/csma.o
 .any.text.input_packet
                0x00000000000049e4       0x58 build/z1/obj/csma.o
 .any.text.init
                0x0000000000004a3c       0x20 build/z1/obj/csma.o
 .any.text.process_thread_ctimer_process
                0x0000000000004a5c       0x92 build/z1/obj/ctimer.o
 .any.text.ctimer_init
                0x0000000000004aee       0x10 build/z1/obj/ctimer.o
                0x0000000000004aee                ctimer_init
 .any.text.ctimer_set_with_process
                0x0000000000004afe       0x4a build/z1/obj/ctimer.o
                0x0000000000004afe                ctimer_set_with_process
 .any.text.ctimer_reset
                0x0000000000004b48       0x2c build/z1/obj/ctimer.o
                0x0000000000004b48                ctimer_reset
 .any.text.ctimer_stop
                0x0000000000004b74       0x28 build/z1/obj/ctimer.o
                0x0000000000004b74                ctimer_stop
 .any.text.ctimer_expired
                0x0000000000004b9c       0x20 build/z1/obj/ctimer.o
                0x0000000000004b9c                ctimer_expired
 .any.text.update_time
                0x0000000000004bbc       0x70 build/z1/obj/etimer.o
 .any.text.etimer_request_poll
                0x0000000000004c2c        0xa build/z1/obj/etimer.o
                0x0000000000004c2c                etimer_request_poll
 .any.text.process_thread_etimer_process
                0x0000000000004c36       0xc4 build/z1/obj/etimer.o
 .any.text.add_timer
                0x0000000000004cfa       0x40 build/z1/obj/etimer.o
 .any.text.etimer_set
                0x0000000000004d3a       0x12 build/z1/obj/etimer.o
                0x0000000000004d3a                etimer_set
 .any.text.etimer_reset
                0x0000000000004d4c       0x12 build/z1/obj/etimer.o
                0x0000000000004d4c                etimer_reset
 .any.text.etimer_pending
                0x0000000000004d5e        0xc build/z1/obj/etimer.o
                0x0000000000004d5e                etimer_pending
 .any.text.etimer_next_expiration_time
                0x0000000000004d6a       0x16 build/z1/obj/etimer.o
                0x0000000000004d6a                etimer_next_expiration_time
 .any.text.etimer_stop
                0x0000000000004d80       0x3e build/z1/obj/etimer.o
                0x0000000000004d80                etimer_stop
 .any.text.frame802154_get_pan_id
                0x0000000000004dbe        0x6 build/z1/obj/frame802154.o
                0x0000000000004dbe                frame802154_get_pan_id
 .any.text.frame802154_has_panid
                0x0000000000004dc4       0xe4 build/z1/obj/frame802154.o
                0x0000000000004dc4                frame802154_has_panid
 .any.text.field_len
                0x0000000000004ea8       0xa6 build/z1/obj/frame802154.o
 .any.text.frame802154_is_broadcast_addr
                0x0000000000004f4e       0x28 build/z1/obj/frame802154.o
                0x0000000000004f4e                frame802154_is_broadcast_addr
 .any.text.frame802154_hdrlen
                0x0000000000004f76       0x32 build/z1/obj/frame802154.o
                0x0000000000004f76                frame802154_hdrlen
 .any.text.frame802154_create_fcf
                0x0000000000004fa8       0x6e build/z1/obj/frame802154.o
                0x0000000000004fa8                frame802154_create_fcf
 .any.text.frame802154_create
                0x0000000000005016       0xbe build/z1/obj/frame802154.o
                0x0000000000005016                frame802154_create
 .any.text.frame802154_parse_fcf
                0x00000000000050d4       0x8c build/z1/obj/frame802154.o
                0x00000000000050d4                frame802154_parse_fcf
 .any.text.frame802154_parse
                0x0000000000005160      0x15c build/z1/obj/frame802154.o
                0x0000000000005160                frame802154_parse
 .any.text.parse
                0x00000000000052bc       0x9e build/z1/obj/framer-802154.o
 .any.text.framer_802154_setup_params
                0x000000000000535a       0xae build/z1/obj/framer-802154.o
                0x000000000000535a                framer_802154_setup_params
 .any.text.create_frame
                0x0000000000005408       0x9e build/z1/obj/framer-802154.o
 .any.text.create
                0x00000000000054a6        0x8 build/z1/obj/framer-802154.o
 .any.text.hdr_length
                0x00000000000054ae        0x8 build/z1/obj/framer-802154.o
 .any.text.i2c_receiveinit
                0x00000000000054b6       0x36 build/z1/obj/i2cmaster.o
                0x00000000000054b6                i2c_receiveinit
 .any.text.i2c_transmitinit
                0x00000000000054ec       0x30 build/z1/obj/i2cmaster.o
                0x00000000000054ec                i2c_transmitinit
 .any.text.i2c_receive_n
                0x000000000000551c       0x3e build/z1/obj/i2cmaster.o
                0x000000000000551c                i2c_receive_n
 .any.text.i2c_busy
                0x000000000000555a        0xa build/z1/obj/i2cmaster.o
                0x000000000000555a                i2c_busy
 .any.text.i2c_enable
                0x0000000000005564       0x22 build/z1/obj/i2cmaster.o
                0x0000000000005564                i2c_enable
 .any.text.i2c_transmit_n
                0x0000000000005586       0x14 build/z1/obj/i2cmaster.o
                0x0000000000005586                i2c_transmit_n
 .any.text.ip64_addr_is_ip64
                0x000000000000559a       0x1a build/z1/obj/ip64-addr.o
                0x000000000000559a                ip64_addr_is_ip64
 .any.text.leds_arch_init
                0x00000000000055b4        0xe build/z1/obj/leds-arch.o
                0x00000000000055b4                leds_arch_init
 .any.text.leds_arch_get
                0x00000000000055c2       0x34 build/z1/obj/leds-arch.o
                0x00000000000055c2                leds_arch_get
 .any.text.leds_arch_set
                0x00000000000055f6       0x3e build/z1/obj/leds-arch.o
                0x00000000000055f6                leds_arch_set
 .any.text.leds_init
                0x0000000000005634        0x6 build/z1/obj/leds.o
                0x0000000000005634                leds_init
 .any.text.leds_on
                0x000000000000563a       0x12 build/z1/obj/leds.o
                0x000000000000563a                leds_on
 .any.text.leds_off
                0x000000000000564c       0x12 build/z1/obj/leds.o
                0x000000000000564c                leds_off
 .any.text.periodic
                0x000000000000565e       0x2c build/z1/obj/link-stats.o
 .any.text.link_stats_from_lladdr
                0x000000000000568a        0xc build/z1/obj/link-stats.o
                0x000000000000568a                link_stats_from_lladdr
 .any.text.link_stats_is_fresh
                0x0000000000005696       0x30 build/z1/obj/link-stats.o
                0x0000000000005696                link_stats_is_fresh
 .any.text.link_stats_packet_sent
                0x00000000000056c6       0xe2 build/z1/obj/link-stats.o
                0x00000000000056c6                link_stats_packet_sent
 .any.text.link_stats_input_callback
                0x00000000000057a8       0xf6 build/z1/obj/link-stats.o
                0x00000000000057a8                link_stats_input_callback
 .any.text.link_stats_reset
                0x000000000000589e       0x2a build/z1/obj/link-stats.o
                0x000000000000589e                link_stats_reset
 .any.text.link_stats_init
                0x00000000000058c8       0x26 build/z1/obj/link-stats.o
                0x00000000000058c8                link_stats_init
 .any.text.linkaddr_copy
                0x00000000000058ee        0x8 build/z1/obj/linkaddr.o
                0x00000000000058ee                linkaddr_copy
 .any.text.linkaddr_cmp
                0x00000000000058f6       0x12 build/z1/obj/linkaddr.o
                0x00000000000058f6                linkaddr_cmp
 .any.text.list_tail
                0x0000000000005908       0x12 build/z1/obj/list.o
                0x0000000000005908                list_tail
 .any.text.list_remove
                0x000000000000591a       0x34 build/z1/obj/list.o
                0x000000000000591a                list_remove
 .any.text.list_push
                0x000000000000594e       0x16 build/z1/obj/list.o
                0x000000000000594e                list_push
 .any.text.list_add
                0x0000000000005964       0x26 build/z1/obj/list.o
                0x0000000000005964                list_add
 .any.text.list_length
                0x000000000000598a       0x10 build/z1/obj/list.o
                0x000000000000598a                list_length
 .any.text.list_contains
                0x000000000000599a       0x12 build/z1/obj/list.o
                0x000000000000599a                list_contains
 .any.text.log_6addr
                0x00000000000059ac       0x32 build/z1/obj/log.o
                0x00000000000059ac                log_6addr
 .any.text.log_lladdr
                0x00000000000059de       0x40 build/z1/obj/log.o
                0x00000000000059de                log_lladdr
 .any.text.mac_sequence_init
                0x0000000000005a1e        0xa build/z1/obj/mac-sequence.o
                0x0000000000005a1e                mac_sequence_init
 .any.text.mac_sequence_set_dsn
                0x0000000000005a28       0x18 build/z1/obj/mac-sequence.o
                0x0000000000005a28                mac_sequence_set_dsn
 .any.text.mac_sequence_is_duplicate
                0x0000000000005a40       0x6e build/z1/obj/mac-sequence.o
                0x0000000000005a40                mac_sequence_is_duplicate
 .any.text.mac_sequence_register_seqno
                0x0000000000005aae       0x86 build/z1/obj/mac-sequence.o
                0x0000000000005aae                mac_sequence_register_seqno
 .any.text.memb_init
                0x0000000000005b34       0x36 build/z1/obj/memb.o
                0x0000000000005b34                memb_init
 .any.text.memb_alloc
                0x0000000000005b6a       0x3e build/z1/obj/memb.o
                0x0000000000005b6a                memb_alloc
 .any.text.memb_free
                0x0000000000005ba8       0x32 build/z1/obj/memb.o
                0x0000000000005ba8                memb_free
 .any.text.memb_inmemb
                0x0000000000005bda       0x2a build/z1/obj/memb.o
                0x0000000000005bda                memb_inmemb
 .any.text.memb_numfree
                0x0000000000005c04       0x26 build/z1/obj/memb.o
                0x0000000000005c04                memb_numfree
 .any.text.msp430_init_dco
                0x0000000000005c2a       0x28 build/z1/obj/msp430.o
                0x0000000000005c2a                msp430_init_dco
 .any.text.splhigh_
                0x0000000000005c52        0xa build/z1/obj/msp430.o
                0x0000000000005c52                splhigh_
 .any.text.msp430_sync_dco
                0x0000000000005c5c       0x6e build/z1/obj/msp430.o
                0x0000000000005c5c                msp430_sync_dco
 .any.text.msp430_cpu_init
                0x0000000000005cca       0x2e build/z1/obj/msp430.o
                0x0000000000005cca                msp430_cpu_init
 .any.text.item_from_index
                0x0000000000005cf8       0x2a build/z1/obj/nbr-table.o
 .any.text.index_from_key
                0x0000000000005d22       0x26 build/z1/obj/nbr-table.o
 .any.text.index_from_item
                0x0000000000005d48       0x1e build/z1/obj/nbr-table.o
 .any.text.nbr_set_bit
                0x0000000000005d66       0x4c build/z1/obj/nbr-table.o
 .any.text.index_from_lladdr
                0x0000000000005db2       0x34 build/z1/obj/nbr-table.o
 .any.text.nbr_get_bit.constprop.3
                0x0000000000005de6       0x28 build/z1/obj/nbr-table.o
 .any.text.remove_key
                0x0000000000005e0e       0x70 build/z1/obj/nbr-table.o
 .any.text.nbr_table_is_registered
                0x0000000000005e7e       0x22 build/z1/obj/nbr-table.o
                0x0000000000005e7e                nbr_table_is_registered
 .any.text.nbr_table_register
                0x0000000000005ea0       0x3c build/z1/obj/nbr-table.o
                0x0000000000005ea0                nbr_table_register
 .any.text.nbr_table_next
                0x0000000000005edc       0x4e build/z1/obj/nbr-table.o
                0x0000000000005edc                nbr_table_next
 .any.text.nbr_table_head
                0x0000000000005f2a       0x32 build/z1/obj/nbr-table.o
                0x0000000000005f2a                nbr_table_head
 .any.text.nbr_table_get_from_lladdr
                0x0000000000005f5c       0x28 build/z1/obj/nbr-table.o
                0x0000000000005f5c                nbr_table_get_from_lladdr
 .any.text.entry_is_allowed.isra.2
                0x0000000000005f84       0x6c build/z1/obj/nbr-table.o
 .any.text.nbr_table_add_lladdr
                0x0000000000005ff0       0xb2 build/z1/obj/nbr-table.o
                0x0000000000005ff0                nbr_table_add_lladdr
 .any.text.nbr_table_remove
                0x00000000000060a2       0x2a build/z1/obj/nbr-table.o
                0x00000000000060a2                nbr_table_remove
 .any.text.nbr_table_lock
                0x00000000000060cc       0x10 build/z1/obj/nbr-table.o
                0x00000000000060cc                nbr_table_lock
 .any.text.nbr_table_unlock
                0x00000000000060dc       0x10 build/z1/obj/nbr-table.o
                0x00000000000060dc                nbr_table_unlock
 .any.text.nbr_table_get_lladdr
                0x00000000000060ec       0x20 build/z1/obj/nbr-table.o
                0x00000000000060ec                nbr_table_get_lladdr
 .any.text.netstack_process_ip_callback
                0x000000000000610c       0x40 build/z1/obj/netstack.o
                0x000000000000610c                netstack_process_ip_callback
 .any.text.node_id_z1_restore
                0x000000000000614c       0x4c build/z1/obj/node-id-z1.o
                0x000000000000614c                node_id_z1_restore
 .any.text.packetbuf_hdrreduce
                0x0000000000006198       0x1a build/z1/obj/packetbuf.o
                0x0000000000006198                packetbuf_hdrreduce
 .any.text.packetbuf_set_datalen
                0x00000000000061b2        0x6 build/z1/obj/packetbuf.o
                0x00000000000061b2                packetbuf_set_datalen
 .any.text.packetbuf_hdrptr
                0x00000000000061b8        0x6 build/z1/obj/packetbuf.o
                0x00000000000061b8                packetbuf_hdrptr
 .any.text.packetbuf_datalen
                0x00000000000061be        0x6 build/z1/obj/packetbuf.o
                0x00000000000061be                packetbuf_datalen
 .any.text.packetbuf_hdrlen
                0x00000000000061c4        0xa build/z1/obj/packetbuf.o
                0x00000000000061c4                packetbuf_hdrlen
 .any.text.packetbuf_dataptr
                0x00000000000061ce        0xc build/z1/obj/packetbuf.o
                0x00000000000061ce                packetbuf_dataptr
 .any.text.packetbuf_copyto
                0x00000000000061da       0x3a build/z1/obj/packetbuf.o
                0x00000000000061da                packetbuf_copyto
 .any.text.packetbuf_totlen
                0x0000000000006214        0xc build/z1/obj/packetbuf.o
                0x0000000000006214                packetbuf_totlen
 .any.text.packetbuf_hdralloc
                0x0000000000006220       0x3c build/z1/obj/packetbuf.o
                0x0000000000006220                packetbuf_hdralloc
 .any.text.packetbuf_attr_clear
                0x000000000000625c       0x28 build/z1/obj/packetbuf.o
                0x000000000000625c                packetbuf_attr_clear
 .any.text.packetbuf_clear
                0x0000000000006284       0x12 build/z1/obj/packetbuf.o
                0x0000000000006284                packetbuf_clear
 .any.text.packetbuf_copyfrom
                0x0000000000006296       0x2a build/z1/obj/packetbuf.o
                0x0000000000006296                packetbuf_copyfrom
 .any.text.packetbuf_attr_copyto
                0x00000000000062c0       0x22 build/z1/obj/packetbuf.o
                0x00000000000062c0                packetbuf_attr_copyto
 .any.text.packetbuf_attr_copyfrom
                0x00000000000062e2       0x24 build/z1/obj/packetbuf.o
                0x00000000000062e2                packetbuf_attr_copyfrom
 .any.text.packetbuf_set_attr
                0x0000000000006306        0xa build/z1/obj/packetbuf.o
                0x0000000000006306                packetbuf_set_attr
 .any.text.packetbuf_attr
                0x0000000000006310        0xa build/z1/obj/packetbuf.o
                0x0000000000006310                packetbuf_attr
 .any.text.packetbuf_set_addr
                0x000000000000631a       0x12 build/z1/obj/packetbuf.o
                0x000000000000631a                packetbuf_set_addr
 .any.text.packetbuf_addr
                0x000000000000632c        0xe build/z1/obj/packetbuf.o
                0x000000000000632c                packetbuf_addr
 .any.text.packetbuf_holds_broadcast
                0x000000000000633a        0xe build/z1/obj/packetbuf.o
                0x000000000000633a                packetbuf_holds_broadcast
 .any.text.platform_init_stage_one
                0x0000000000006348       0x12 build/z1/obj/platform.o
                0x0000000000006348                platform_init_stage_one
 .any.text.platform_init_stage_two
                0x000000000000635a       0xb0 build/z1/obj/platform.o
                0x000000000000635a                platform_init_stage_two
 .any.text.platform_init_stage_three
                0x000000000000640a       0x78 build/z1/obj/platform.o
                0x000000000000640a                platform_init_stage_three
 .any.text.platform_idle
                0x0000000000006482       0x54 build/z1/obj/platform.o
                0x0000000000006482                platform_idle
 .any.text.call_process
                0x00000000000064d6       0x40 build/z1/obj/process.o
 .any.text.exit_process
                0x0000000000006516       0x8e build/z1/obj/process.o
 .any.text.do_poll
                0x00000000000065a4       0x30 build/z1/obj/process.o
 .any.text.process_alloc_event
                0x00000000000065d4       0x18 build/z1/obj/process.o
                0x00000000000065d4                process_alloc_event
 .any.text.process_init
                0x00000000000065ec        0x8 build/z1/obj/process.o
                0x00000000000065ec                process_init
 .any.text.process_run
                0x00000000000065f4       0x86 build/z1/obj/process.o
                0x00000000000065f4                process_run
 .any.text.process_nevents
                0x000000000000667a        0xa build/z1/obj/process.o
                0x000000000000667a                process_nevents
 .any.text.process_post
                0x0000000000006684       0x4a build/z1/obj/process.o
                0x0000000000006684                process_post
 .any.text.process_post_synch
                0x00000000000066ce       0x12 build/z1/obj/process.o
                0x00000000000066ce                process_post_synch
 .any.text.process_start
                0x00000000000066e0       0x36 build/z1/obj/process.o
                0x00000000000066e0                process_start
 .any.text.process_poll
                0x0000000000006716       0x18 build/z1/obj/process.o
                0x0000000000006716                process_poll
 .any.text.queuebuf_init
                0x000000000000672e       0x12 build/z1/obj/queuebuf.o
                0x000000000000672e                queuebuf_init
 .any.text.queuebuf_numfree
                0x0000000000006740        0xa build/z1/obj/queuebuf.o
                0x0000000000006740                queuebuf_numfree
 .any.text.queuebuf_new_from_packetbuf
                0x000000000000674a       0x4e build/z1/obj/queuebuf.o
                0x000000000000674a                queuebuf_new_from_packetbuf
 .any.text.queuebuf_update_attr_from_packetbuf
                0x0000000000006798       0x12 build/z1/obj/queuebuf.o
                0x0000000000006798                queuebuf_update_attr_from_packetbuf
 .any.text.queuebuf_free
                0x00000000000067aa       0x2a build/z1/obj/queuebuf.o
                0x00000000000067aa                queuebuf_free
 .any.text.queuebuf_to_packetbuf
                0x00000000000067d4       0x32 build/z1/obj/queuebuf.o
                0x00000000000067d4                queuebuf_to_packetbuf
 .any.text.random_init
                0x0000000000006806       0x16 build/z1/obj/random.o
                0x0000000000006806                random_init
 .any.text.rpl_dag_root_set_prefix
                0x000000000000681c       0x5e build/z1/obj/rpl-dag-root.o
                0x000000000000681c                rpl_dag_root_set_prefix
 .any.text.rpl_dag_root_start
                0x000000000000687a       0x82 build/z1/obj/rpl-dag-root.o
                0x000000000000687a                rpl_dag_root_start
 .any.text.rpl_dag_root_is_root
                0x00000000000068fc       0x14 build/z1/obj/rpl-dag-root.o
                0x00000000000068fc                rpl_dag_root_is_root
 .any.text.init_dag
                0x0000000000006910       0x78 build/z1/obj/rpl-dag.o
 .any.text.process_dio_init_dag
                0x0000000000006988       0xb0 build/z1/obj/rpl-dag.o
 .any.text.rpl_dag_get_root_ipaddr
                0x0000000000006a38       0x1e build/z1/obj/rpl-dag.o
                0x0000000000006a38                rpl_dag_get_root_ipaddr
 .any.text.rpl_dag_leave
                0x0000000000006a56       0x4a build/z1/obj/rpl-dag.o
                0x0000000000006a56                rpl_dag_leave
 .any.text.rpl_dag_poison_and_leave
                0x0000000000006aa0        0xc build/z1/obj/rpl-dag.o
                0x0000000000006aa0                rpl_dag_poison_and_leave
 .any.text.rpl_dag_periodic
                0x0000000000006aac       0x6a build/z1/obj/rpl-dag.o
                0x0000000000006aac                rpl_dag_periodic
 .any.text.rpl_is_addr_in_our_dag
                0x0000000000006b16       0x26 build/z1/obj/rpl-dag.o
                0x0000000000006b16                rpl_is_addr_in_our_dag
 .any.text.rpl_local_repair
                0x0000000000006b3c       0x2a build/z1/obj/rpl-dag.o
                0x0000000000006b3c                rpl_local_repair
 .any.text.rpl_global_repair
                0x0000000000006b66       0x2e build/z1/obj/rpl-dag.o
                0x0000000000006b66                rpl_global_repair
 .any.text.rpl_dag_ready_to_advertise
                0x0000000000006b94       0x22 build/z1/obj/rpl-dag.o
                0x0000000000006b94                rpl_dag_ready_to_advertise
 .any.text.rpl_dag_update_state
                0x0000000000006bb6      0x13c build/z1/obj/rpl-dag.o
                0x0000000000006bb6                rpl_dag_update_state
 .any.text.rpl_process_dio
                0x0000000000006cf2      0x19e build/z1/obj/rpl-dag.o
                0x0000000000006cf2                rpl_process_dio
 .any.text.rpl_process_dis
                0x0000000000006e90       0x2a build/z1/obj/rpl-dag.o
                0x0000000000006e90                rpl_process_dis
 .any.text.rpl_process_dao
                0x0000000000006eba       0x66 build/z1/obj/rpl-dag.o
                0x0000000000006eba                rpl_process_dao
 .any.text.rpl_process_dao_ack
                0x0000000000006f20       0x50 build/z1/obj/rpl-dag.o
                0x0000000000006f20                rpl_process_dao_ack
 .any.text.rpl_process_hbh
                0x0000000000006f70       0x26 build/z1/obj/rpl-dag.o
                0x0000000000006f70                rpl_process_hbh
 .any.text.rpl_dag_init_root
                0x0000000000006f96       0xac build/z1/obj/rpl-dag.o
                0x0000000000006f96                rpl_dag_init_root
 .any.text.rpl_dag_init
                0x0000000000007042       0x10 build/z1/obj/rpl-dag.o
                0x0000000000007042                rpl_dag_init
 .any.text.update_hbh_header
                0x0000000000007052       0x4a build/z1/obj/rpl-ext-header.o
 .any.text.rpl_ext_header_srh_get_next_hop
                0x000000000000709c       0x7c build/z1/obj/rpl-ext-header.o
                0x000000000000709c                rpl_ext_header_srh_get_next_hop
 .any.text.rpl_ext_header_srh_update
                0x0000000000007118      0x20e build/z1/obj/rpl-ext-header.o
                0x0000000000007118                rpl_ext_header_srh_update
 .any.text.rpl_ext_header_hbh_update
                0x0000000000007326       0x90 build/z1/obj/rpl-ext-header.o
                0x0000000000007326                rpl_ext_header_hbh_update
 .any.text.rpl_ext_header_remove
                0x00000000000073b6       0xc0 build/z1/obj/rpl-ext-header.o
                0x00000000000073b6                rpl_ext_header_remove
 .any.text.rpl_ext_header_update
                0x0000000000007476      0x266 build/z1/obj/rpl-ext-header.o
                0x0000000000007476                rpl_ext_header_update
 .any.text.get32
                0x00000000000076dc       0x3e build/z1/obj/rpl-icmp6.o
 .any.text.set32
                0x000000000000771a       0x2a build/z1/obj/rpl-icmp6.o
 .any.text.get16
                0x0000000000007744        0xe build/z1/obj/rpl-icmp6.o
 .any.text.set16
                0x0000000000007752       0x10 build/z1/obj/rpl-icmp6.o
 .any.text.dao_ack_input
                0x0000000000007762       0x30 build/z1/obj/rpl-icmp6.o
 .any.text.dao_input
                0x0000000000007792      0x158 build/z1/obj/rpl-icmp6.o
 .any.text.dio_input
                0x00000000000078ea      0x292 build/z1/obj/rpl-icmp6.o
 .any.text.dis_input
                0x0000000000007b7c       0x1e build/z1/obj/rpl-icmp6.o
 .any.text.rpl_icmp6_update_nbr_table
                0x0000000000007b9a       0x2e build/z1/obj/rpl-icmp6.o
                0x0000000000007b9a                rpl_icmp6_update_nbr_table
 .any.text.rpl_icmp6_dis_output
                0x0000000000007bc8       0x34 build/z1/obj/rpl-icmp6.o
                0x0000000000007bc8                rpl_icmp6_dis_output
 .any.text.rpl_icmp6_dio_output
                0x0000000000007bfc      0x20a build/z1/obj/rpl-icmp6.o
                0x0000000000007bfc                rpl_icmp6_dio_output
 .any.text.rpl_icmp6_dao_output
                0x0000000000007e06       0xd6 build/z1/obj/rpl-icmp6.o
                0x0000000000007e06                rpl_icmp6_dao_output
 .any.text.rpl_icmp6_dao_ack_output
                0x0000000000007edc       0x46 build/z1/obj/rpl-icmp6.o
                0x0000000000007edc                rpl_icmp6_dao_ack_output
 .any.text.rpl_icmp6_init
                0x0000000000007f22       0x22 build/z1/obj/rpl-icmp6.o
                0x0000000000007f22                rpl_icmp6_init
 .any.text.reset
                0x0000000000007f44        0x2 build/z1/obj/rpl-mrhof.o
 .any.text.update_metric_container
                0x0000000000007f46        0x6 build/z1/obj/rpl-mrhof.o
 .any.text.nbr_link_metric
                0x0000000000007f4c       0x12 build/z1/obj/rpl-mrhof.o
 .any.text.nbr_has_usable_link
                0x0000000000007f5e       0x14 build/z1/obj/rpl-mrhof.o
 .any.text.nbr_path_cost
                0x0000000000007f72       0x34 build/z1/obj/rpl-mrhof.o
 .any.text.within_hysteresis
                0x0000000000007fa6       0x4c build/z1/obj/rpl-mrhof.o
 .any.text.nbr_is_acceptable_parent
                0x0000000000007ff2       0x28 build/z1/obj/rpl-mrhof.o
 .any.text.rank_via_nbr
                0x000000000000801a       0x40 build/z1/obj/rpl-mrhof.o
 .any.text.best_parent
                0x000000000000805a       0x74 build/z1/obj/rpl-mrhof.o
 .any.text.get_rank
                0x00000000000080ce       0x16 build/z1/obj/rpl-nbr-policy.o
 .any.text.rpl_nbr_gc_get_worst
                0x00000000000080e4       0x20 build/z1/obj/rpl-nbr-policy.o
                0x00000000000080e4                rpl_nbr_gc_get_worst
 .any.text.remove_neighbor
                0x0000000000008104       0x24 build/z1/obj/rpl-neighbor.o
 .any.text.rpl_neighbor_get_from_lladdr
                0x0000000000008128        0xc build/z1/obj/rpl-neighbor.o
                0x0000000000008128                rpl_neighbor_get_from_lladdr
 .any.text.rpl_neighbor_rank_via_nbr
                0x0000000000008134       0x18 build/z1/obj/rpl-neighbor.o
                0x0000000000008134                rpl_neighbor_rank_via_nbr
 .any.text.rpl_neighbor_get_lladdr
                0x000000000000814c        0xc build/z1/obj/rpl-neighbor.o
                0x000000000000814c                rpl_neighbor_get_lladdr
 .any.text.rpl_neighbor_get_ipaddr
                0x0000000000008158        0xa build/z1/obj/rpl-neighbor.o
                0x0000000000008158                rpl_neighbor_get_ipaddr
 .any.text.rpl_neighbor_get_link_stats
                0x0000000000008162        0xa build/z1/obj/rpl-neighbor.o
                0x0000000000008162                rpl_neighbor_get_link_stats
 .any.text.rpl_neighbor_is_fresh
                0x000000000000816c        0xa build/z1/obj/rpl-neighbor.o
                0x000000000000816c                rpl_neighbor_is_fresh
 .any.text.best_parent
                0x0000000000008176       0x9c build/z1/obj/rpl-neighbor.o
 .any.text.rpl_neighbor_set_preferred_parent
                0x0000000000008212       0x48 build/z1/obj/rpl-neighbor.o
                0x0000000000008212                rpl_neighbor_set_preferred_parent
 .any.text.rpl_neighbor_remove_all
                0x000000000000825a       0x30 build/z1/obj/rpl-neighbor.o
                0x000000000000825a                rpl_neighbor_remove_all
 .any.text.rpl_neighbor_get_from_ipaddr
                0x000000000000828a       0x14 build/z1/obj/rpl-neighbor.o
                0x000000000000828a                rpl_neighbor_get_from_ipaddr
 .any.text.rpl_neighbor_select_best
                0x000000000000829e       0x54 build/z1/obj/rpl-neighbor.o
                0x000000000000829e                rpl_neighbor_select_best
 .any.text.rpl_neighbor_init
                0x00000000000082f2        0xe build/z1/obj/rpl-neighbor.o
                0x00000000000082f2                rpl_neighbor_init
 .any.text.random_rand
                0x0000000000008300        0x6 build/z1/obj/rpl-timers.o
 .any.text.handle_state_update
                0x0000000000008306        0x6 build/z1/obj/rpl-timers.o
 .any.text.handle_leaving_timer
                0x000000000000830c        0xc build/z1/obj/rpl-timers.o
 .any.text.handle_unicast_dio_timer
                0x0000000000008318       0x12 build/z1/obj/rpl-timers.o
 .any.text.handle_dao_ack_timer
                0x000000000000832a       0x12 build/z1/obj/rpl-timers.o
 .any.text.ctimer_set.constprop.3
                0x000000000000833c        0xe build/z1/obj/rpl-timers.o
 .any.text.new_dio_interval
                0x000000000000834a       0x82 build/z1/obj/rpl-timers.o
 .any.text.handle_dio_timer
                0x00000000000083cc       0x6a build/z1/obj/rpl-timers.o
 .any.text.schedule_dao_retransmission
                0x0000000000008436       0x2c build/z1/obj/rpl-timers.o
 .any.text.send_new_dao
                0x0000000000008462       0x28 build/z1/obj/rpl-timers.o
 .any.text.resend_dao
                0x000000000000848a       0x24 build/z1/obj/rpl-timers.o
 .any.text.rpl_timers_schedule_periodic_dis
                0x00000000000084ae       0x38 build/z1/obj/rpl-timers.o
                0x00000000000084ae                rpl_timers_schedule_periodic_dis
 .any.text.handle_periodic_timer
                0x00000000000084e6       0x3a build/z1/obj/rpl-timers.o
 .any.text.handle_dis_timer
                0x0000000000008520       0x26 build/z1/obj/rpl-timers.o
 .any.text.rpl_timers_dio_reset
                0x0000000000008546       0x2e build/z1/obj/rpl-timers.o
                0x0000000000008546                rpl_timers_dio_reset
 .any.text.rpl_timers_schedule_unicast_dio
                0x0000000000008574       0x1c build/z1/obj/rpl-timers.o
                0x0000000000008574                rpl_timers_schedule_unicast_dio
 .any.text.rpl_timers_schedule_dao
                0x0000000000008590       0x34 build/z1/obj/rpl-timers.o
                0x0000000000008590                rpl_timers_schedule_dao
 .any.text.rpl_timers_schedule_dao_ack
                0x00000000000085c4       0x30 build/z1/obj/rpl-timers.o
                0x00000000000085c4                rpl_timers_schedule_dao_ack
 .any.text.rpl_timers_notify_dao_ack
                0x00000000000085f4       0x7a build/z1/obj/rpl-timers.o
                0x00000000000085f4                rpl_timers_notify_dao_ack
 .any.text.get_probing_delay
                0x000000000000866e       0x1c build/z1/obj/rpl-timers.o
                0x000000000000866e                get_probing_delay
 .any.text.get_probing_target
                0x000000000000868a       0xda build/z1/obj/rpl-timers.o
                0x000000000000868a                get_probing_target
 .any.text.rpl_schedule_probing
                0x0000000000008764       0x1c build/z1/obj/rpl-timers.o
                0x0000000000008764                rpl_schedule_probing
 .any.text.handle_probing_timer
                0x0000000000008780       0x26 build/z1/obj/rpl-timers.o
 .any.text.rpl_schedule_probing_now
                0x00000000000087a6       0x20 build/z1/obj/rpl-timers.o
                0x00000000000087a6                rpl_schedule_probing_now
 .any.text.rpl_timers_unschedule_leaving
                0x00000000000087c6       0x1c build/z1/obj/rpl-timers.o
                0x00000000000087c6                rpl_timers_unschedule_leaving
 .any.text.rpl_timers_schedule_leaving
                0x00000000000087e2       0x26 build/z1/obj/rpl-timers.o
                0x00000000000087e2                rpl_timers_schedule_leaving
 .any.text.rpl_timers_init
                0x0000000000008808       0x18 build/z1/obj/rpl-timers.o
                0x0000000000008808                rpl_timers_init
 .any.text.rpl_timers_stop_dag_timers
                0x0000000000008820       0x4c build/z1/obj/rpl-timers.o
                0x0000000000008820                rpl_timers_stop_dag_timers
 .any.text.rpl_timers_schedule_state_update
                0x000000000000886c       0x18 build/z1/obj/rpl-timers.o
                0x000000000000886c                rpl_timers_schedule_state_update
 .any.text.rpl_has_joined
                0x0000000000008884       0x12 build/z1/obj/rpl.o
                0x0000000000008884                rpl_has_joined
 .any.text.rpl_is_reachable
                0x0000000000008896       0x12 build/z1/obj/rpl.o
                0x0000000000008896                rpl_is_reachable
 .any.text.neighbor_state_changed
                0x00000000000088a8        0x2 build/z1/obj/rpl.o
 .any.text.drop_route
                0x00000000000088aa        0x2 build/z1/obj/rpl.o
 .any.text.rpl_get_leaf_only
                0x00000000000088ac        0x6 build/z1/obj/rpl.o
                0x00000000000088ac                rpl_get_leaf_only
 .any.text.get_sr_node_ipaddr
                0x00000000000088b2       0x30 build/z1/obj/rpl.o
 .any.text.init
                0x00000000000088e2       0x42 build/z1/obj/rpl.o
 .any.text.set_ip_from_prefix
                0x0000000000008924       0x30 build/z1/obj/rpl.o
 .any.text.rpl_link_callback
                0x0000000000008954       0x1e build/z1/obj/rpl.o
                0x0000000000008954                rpl_link_callback
 .any.text.rpl_lollipop_greater_than
                0x0000000000008972       0x40 build/z1/obj/rpl.o
                0x0000000000008972                rpl_lollipop_greater_than
 .any.text.rpl_get_global_address
                0x00000000000089b2       0x8c build/z1/obj/rpl.o
                0x00000000000089b2                rpl_get_global_address
 .any.text.rpl_reset_prefix
                0x0000000000008a3e       0x24 build/z1/obj/rpl.o
                0x0000000000008a3e                rpl_reset_prefix
 .any.text.rpl_set_prefix_from_addr
                0x0000000000008a62       0x80 build/z1/obj/rpl.o
                0x0000000000008a62                rpl_set_prefix_from_addr
 .any.text.rtimer_arch_init
                0x0000000000008ae2        0xe build/z1/obj/rtimer-arch.o
                0x0000000000008ae2                rtimer_arch_init
 .any.text.rtimer_arch_now
                0x0000000000008af0        0xe build/z1/obj/rtimer-arch.o
                0x0000000000008af0                rtimer_arch_now
 .any.text.rtimer_run_next
                0x0000000000008afe       0x18 build/z1/obj/rtimer.o
                0x0000000000008afe                rtimer_run_next
 .any.text.process_thread_sensors_process
                0x0000000000008b16       0xc2 build/z1/obj/sensors.o
 .any.text.sensors_changed
                0x0000000000008bd8       0x2a build/z1/obj/sensors.o
                0x0000000000008bd8                sensors_changed
 .any.text.rand
                0x0000000000008c02       0x46 build/z1/obj/sfc16-prng.o
 .any.text.seed
                0x0000000000008c48       0x22 build/z1/obj/sfc16-prng.o
 .any.text.clear_fragments
                0x0000000000008c6a       0x40 build/z1/obj/sicslowpan.o
 .any.text.addr_context_lookup_by_number
                0x0000000000008caa       0x16 build/z1/obj/sicslowpan.o
 .any.text.sicslowpan_init
                0x0000000000008cc0       0x18 build/z1/obj/sicslowpan.o
                0x0000000000008cc0                sicslowpan_init
 .any.text.set_packet_attrs
                0x0000000000008cd8       0x66 build/z1/obj/sicslowpan.o
 .any.text.compress_addr_64
                0x0000000000008d3e       0x9a build/z1/obj/sicslowpan.o
 .any.text.addr_context_lookup_by_prefix
                0x0000000000008dd8       0x20 build/z1/obj/sicslowpan.o
 .any.text.send_packet
                0x0000000000008df8       0x10 build/z1/obj/sicslowpan.o
 .any.text.fragment_copy_payload_and_send
                0x0000000000008e08       0x54 build/z1/obj/sicslowpan.o
 .any.text.packet_sent
                0x0000000000008e5c       0x4e build/z1/obj/sicslowpan.o
 .any.text.store_fragment
                0x0000000000008eaa       0x72 build/z1/obj/sicslowpan.o
 .any.text.add_fragment
                0x0000000000008f1c      0x1e8 build/z1/obj/sicslowpan.o
 .any.text.uncompress_addr
                0x0000000000009104       0xb0 build/z1/obj/sicslowpan.o
 .any.text.output
                0x00000000000091b4      0x742 build/z1/obj/sicslowpan.o
 .any.text.input
                0x00000000000098f6      0x99a build/z1/obj/sicslowpan.o
 .any.text.process_thread_simple_udp_process
                0x000000000000a290       0xa8 build/z1/obj/simple-udp.o
 .any.text.simple_udp_sendto
                0x000000000000a338       0x28 build/z1/obj/simple-udp.o
                0x000000000000a338                simple_udp_sendto
 .any.text.simple_udp_register
                0x000000000000a360       0x8c build/z1/obj/simple-udp.o
                0x000000000000a360                simple_udp_register
 .any.text.spi_init
                0x000000000000a3ec       0x32 build/z1/obj/spi-legacy.o
                0x000000000000a3ec                spi_init
 .any.text.stack_check_init
                0x000000000000a41e       0x2e build/z1/obj/stack-check.o
                0x000000000000a41e                stack_check_init
 .any.text.stack_check_get_usage
                0x000000000000a44c       0x46 build/z1/obj/stack-check.o
                0x000000000000a44c                stack_check_get_usage
 .any.text.process_thread_stack_check_process
                0x000000000000a492       0x88 build/z1/obj/stack-check.o
 .any.text.stimer_expired
                0x000000000000a51a       0x30 build/z1/obj/stimer.o
                0x000000000000a51a                stimer_expired
 .any.text.tcpip_output
                0x000000000000a54a       0x22 build/z1/obj/tcpip.o
                0x000000000000a54a                tcpip_output
 .any.text.udp_new
                0x000000000000a56c       0x1a build/z1/obj/tcpip.o
                0x000000000000a56c                udp_new
 .any.text.tcpip_input
                0x000000000000a586       0x1e build/z1/obj/tcpip.o
                0x000000000000a586                tcpip_input
 .any.text.tcpip_ipv6_output
                0x000000000000a5a4      0x10c build/z1/obj/tcpip.o
                0x000000000000a5a4                tcpip_ipv6_output
 .any.text.packet_input.part.3
                0x000000000000a6b0       0x12 build/z1/obj/tcpip.o
 .any.text.process_thread_tcpip_process
                0x000000000000a6c2       0xb0 build/z1/obj/tcpip.o
 .any.text.tcpip_uipcall
                0x000000000000a772       0x2a build/z1/obj/tcpip.o
                0x000000000000a772                tcpip_uipcall
 .any.text.timer_set
                0x000000000000a79c       0x1c build/z1/obj/timer.o
                0x000000000000a79c                timer_set
 .any.text.timer_expired
                0x000000000000a7b8       0x2a build/z1/obj/timer.o
                0x000000000000a7b8                timer_expired
 .any.text.timer_reset
                0x000000000000a7e2       0x1c build/z1/obj/timer.o
                0x000000000000a7e2                timer_reset
 .any.text.status
                0x000000000000a7fe       0x12 build/z1/obj/tmp102.o
 .any.text.tmp102_init
                0x000000000000a810       0x24 build/z1/obj/tmp102.o
                0x000000000000a810                tmp102_init
 .any.text.tmp102_stop
                0x000000000000a834        0xa build/z1/obj/tmp102.o
                0x000000000000a834                tmp102_stop
 .any.text.configure
                0x000000000000a83e       0x26 build/z1/obj/tmp102.o
 .any.text.tmp102_read_reg
                0x000000000000a864       0x5e build/z1/obj/tmp102.o
                0x000000000000a864                tmp102_read_reg
 .any.text.tmp102_read_temp_x100
                0x000000000000a8c2       0x58 build/z1/obj/tmp102.o
                0x000000000000a8c2                tmp102_read_temp_x100
 .any.text.value
                0x000000000000a91a        0x6 build/z1/obj/tmp102.o
 .any.text.putchar
                0x000000000000a920       0x10 build/z1/obj/uart-putchar.o
                0x000000000000a920                putchar
 .any.text.uart0_active
                0x000000000000a930        0xe build/z1/obj/uart0.o
                0x000000000000a930                uart0_active
 .any.text.uart0_writeb
                0x000000000000a93e       0x16 build/z1/obj/uart0.o
                0x000000000000a93e                uart0_writeb
 .any.text.uart0_init
                0x000000000000a954       0x4e build/z1/obj/uart0.o
                0x000000000000a954                uart0_init
 .any.text.udp_rx_callback
                0x000000000000a9a2       0x2c build/z1/obj/udp-client.o
 .any.text.calculate_checksum
                0x000000000000a9ce       0x1a build/z1/obj/udp-client.o
                0x000000000000a9ce                calculate_checksum
 .any.text.process_thread_udp_client_process
                0x000000000000a9e8      0x1f2 build/z1/obj/udp-client.o
 .any.text.uip_ds6_nbr_rm
                0x000000000000abda       0x1e build/z1/obj/uip-ds6-nbr.o
                0x000000000000abda                uip_ds6_nbr_rm
 .any.text.uip_ds6_neighbors_init
                0x000000000000abf8       0x12 build/z1/obj/uip-ds6-nbr.o
                0x000000000000abf8                uip_ds6_neighbors_init
 .any.text.uip_ds6_nbr_add
                0x000000000000ac0a       0x36 build/z1/obj/uip-ds6-nbr.o
                0x000000000000ac0a                uip_ds6_nbr_add
 .any.text.uip_ds6_nbr_get_ll
                0x000000000000ac40        0xc build/z1/obj/uip-ds6-nbr.o
                0x000000000000ac40                uip_ds6_nbr_get_ll
 .any.text.uip_ds6_nbr_head
                0x000000000000ac4c        0xa build/z1/obj/uip-ds6-nbr.o
                0x000000000000ac4c                uip_ds6_nbr_head
 .any.text.uip_ds6_nbr_next
                0x000000000000ac56        0xc build/z1/obj/uip-ds6-nbr.o
                0x000000000000ac56                uip_ds6_nbr_next
 .any.text.uip_ds6_nbr_lookup
                0x000000000000ac62       0x36 build/z1/obj/uip-ds6-nbr.o
                0x000000000000ac62                uip_ds6_nbr_lookup
 .any.text.uip_ds6_nbr_ll_lookup
                0x000000000000ac98        0xc build/z1/obj/uip-ds6-nbr.o
                0x000000000000ac98                uip_ds6_nbr_ll_lookup
 .any.text.uip_ds6_nbr_update_ll
                0x000000000000aca4       0x6e build/z1/obj/uip-ds6-nbr.o
                0x000000000000aca4                uip_ds6_nbr_update_ll
 .any.text.uip_ds6_nbr_ipaddr_from_lladdr
                0x000000000000ad12        0x6 build/z1/obj/uip-ds6-nbr.o
                0x000000000000ad12                uip_ds6_nbr_ipaddr_from_lladdr
 .any.text.uip_ds6_nbr_lladdr_from_ipaddr
                0x000000000000ad18       0x12 build/z1/obj/uip-ds6-nbr.o
                0x000000000000ad18                uip_ds6_nbr_lladdr_from_ipaddr
 .any.text.uip_ds6_link_callback
                0x000000000000ad2a        0x2 build/z1/obj/uip-ds6-nbr.o
                0x000000000000ad2a                uip_ds6_link_callback
 .any.text.uip_ds6_route_init
                0x000000000000ad2c        0xe build/z1/obj/uip-ds6-route.o
                0x000000000000ad2c                uip_ds6_route_init
 .any.text.uip_ds6_route_nexthop
                0x000000000000ad3a        0x4 build/z1/obj/uip-ds6-route.o
                0x000000000000ad3a                uip_ds6_route_nexthop
 .any.text.uip_ds6_route_lookup
                0x000000000000ad3e        0x4 build/z1/obj/uip-ds6-route.o
                0x000000000000ad3e                uip_ds6_route_lookup
 .any.text.uip_ds6_route_rm
                0x000000000000ad42        0x2 build/z1/obj/uip-ds6-route.o
                0x000000000000ad42                uip_ds6_route_rm
 .any.text.uip_ds6_defrt_rm
                0x000000000000ad44       0x2c build/z1/obj/uip-ds6-route.o
                0x000000000000ad44                uip_ds6_defrt_rm
 .any.text.uip_ds6_defrt_lookup
                0x000000000000ad70       0x30 build/z1/obj/uip-ds6-route.o
                0x000000000000ad70                uip_ds6_defrt_lookup
 .any.text.uip_ds6_defrt_add
                0x000000000000ada0       0x6c build/z1/obj/uip-ds6-route.o
                0x000000000000ada0                uip_ds6_defrt_add
 .any.text.uip_ds6_defrt_choose
                0x000000000000ae0c       0x2a build/z1/obj/uip-ds6-route.o
                0x000000000000ae0c                uip_ds6_defrt_choose
 .any.text.uip_ds6_defrt_periodic
                0x000000000000ae36       0x2e build/z1/obj/uip-ds6-route.o
                0x000000000000ae36                uip_ds6_defrt_periodic
 .any.text.uip_ds6_default_prefix
                0x000000000000ae64        0x6 build/z1/obj/uip-ds6.o
                0x000000000000ae64                uip_ds6_default_prefix
 .any.text.uip_ds6_list_loop
                0x000000000000ae6a       0x70 build/z1/obj/uip-ds6.o
                0x000000000000ae6a                uip_ds6_list_loop
 .any.text.uip_ds6_prefix_add
                0x000000000000aeda       0x6a build/z1/obj/uip-ds6.o
                0x000000000000aeda                uip_ds6_prefix_add
 .any.text.uip_ds6_is_addr_onlink
                0x000000000000af44       0x40 build/z1/obj/uip-ds6.o
                0x000000000000af44                uip_ds6_is_addr_onlink
 .any.text.uip_ds6_addr_lookup
                0x000000000000af84       0x2a build/z1/obj/uip-ds6.o
                0x000000000000af84                uip_ds6_addr_lookup
 .any.text.uip_ds6_get_link_local
                0x000000000000afae       0x3e build/z1/obj/uip-ds6.o
                0x000000000000afae                uip_ds6_get_link_local
 .any.text.uip_ds6_maddr_add
                0x000000000000afec       0x42 build/z1/obj/uip-ds6.o
                0x000000000000afec                uip_ds6_maddr_add
 .any.text.uip_ds6_addr_add
                0x000000000000b02e       0xb6 build/z1/obj/uip-ds6.o
                0x000000000000b02e                uip_ds6_addr_add
 .any.text.uip_ds6_maddr_rm
                0x000000000000b0e4        0xa build/z1/obj/uip-ds6.o
                0x000000000000b0e4                uip_ds6_maddr_rm
 .any.text.uip_ds6_maddr_lookup
                0x000000000000b0ee       0x2a build/z1/obj/uip-ds6.o
                0x000000000000b0ee                uip_ds6_maddr_lookup
 .any.text.uip_ds6_addr_rm
                0x000000000000b118       0x54 build/z1/obj/uip-ds6.o
                0x000000000000b118                uip_ds6_addr_rm
 .any.text.uip_ds6_periodic
                0x000000000000b16c       0x46 build/z1/obj/uip-ds6.o
                0x000000000000b16c                uip_ds6_periodic
 .any.text.uip_ds6_set_addr_iid
                0x000000000000b1b2       0x14 build/z1/obj/uip-ds6.o
                0x000000000000b1b2                uip_ds6_set_addr_iid
 .any.text.uip_ds6_set_lladdr_from_iid
                0x000000000000b1c6       0x14 build/z1/obj/uip-ds6.o
                0x000000000000b1c6                uip_ds6_set_lladdr_from_iid
 .any.text.get_match_length
                0x000000000000b1da       0x3c build/z1/obj/uip-ds6.o
                0x000000000000b1da                get_match_length
 .any.text.uip_ds6_select_src
                0x000000000000b216       0x96 build/z1/obj/uip-ds6.o
                0x000000000000b216                uip_ds6_select_src
 .any.text.uip_ds6_compute_reachable_time
                0x000000000000b2ac       0x36 build/z1/obj/uip-ds6.o
                0x000000000000b2ac                uip_ds6_compute_reachable_time
 .any.text.uip_ds6_init
                0x000000000000b2e2      0x164 build/z1/obj/uip-ds6.o
                0x000000000000b2e2                uip_ds6_init
 .any.text.echo_reply_input
                0x000000000000b446       0x56 build/z1/obj/uip-icmp6.o
 .any.text.echo_request_input
                0x000000000000b49c       0x86 build/z1/obj/uip-icmp6.o
 .any.text.uip_icmp6_input
                0x000000000000b522       0x34 build/z1/obj/uip-icmp6.o
                0x000000000000b522                uip_icmp6_input
 .any.text.uip_icmp6_register_input_handler
                0x000000000000b556        0xc build/z1/obj/uip-icmp6.o
                0x000000000000b556                uip_icmp6_register_input_handler
 .any.text.uip_icmp6_error_output
                0x000000000000b562      0x136 build/z1/obj/uip-icmp6.o
                0x000000000000b562                uip_icmp6_error_output
 .any.text.uip_icmp6_send
                0x000000000000b698       0x82 build/z1/obj/uip-icmp6.o
                0x000000000000b698                uip_icmp6_send
 .any.text.uip_icmp6_init
                0x000000000000b71a       0x12 build/z1/obj/uip-icmp6.o
                0x000000000000b71a                uip_icmp6_init
 .any.text.uip_nd6_init
                0x000000000000b72c        0xa build/z1/obj/uip-nd6.o
                0x000000000000b72c                uip_nd6_init
 .any.text.node_matches_address.part.0
                0x000000000000b736       0x2e build/z1/obj/uip-sr.o
 .any.text.uip_sr_get_node
                0x000000000000b764       0x32 build/z1/obj/uip-sr.o
                0x000000000000b764                uip_sr_get_node
 .any.text.uip_sr_is_addr_reachable
                0x000000000000b796       0x4a build/z1/obj/uip-sr.o
                0x000000000000b796                uip_sr_is_addr_reachable
 .any.text.uip_sr_expire_parent
                0x000000000000b7e0       0x48 build/z1/obj/uip-sr.o
                0x000000000000b7e0                uip_sr_expire_parent
 .any.text.uip_sr_update_node
                0x000000000000b828       0xac build/z1/obj/uip-sr.o
                0x000000000000b828                uip_sr_update_node
 .any.text.uip_sr_init
                0x000000000000b8d4       0x12 build/z1/obj/uip-sr.o
                0x000000000000b8d4                uip_sr_init
 .any.text.uip_sr_free_all
                0x000000000000b8e6       0x2c build/z1/obj/uip-sr.o
                0x000000000000b8e6                uip_sr_free_all
 .any.text.uip_icmp6chksum
                0x000000000000b912        0xa build/z1/obj/uip6.o
                0x000000000000b912                uip_icmp6chksum
 .any.text.uip_udpchksum
                0x000000000000b91c        0xa build/z1/obj/uip6.o
                0x000000000000b91c                uip_udpchksum

.rodata         0x000000000000b928     0x4532
                0x000000000000b928                . = ALIGN (0x2)
 *(SORT(.rodata) SORT(.rodata.*) SORT(.gnu.linkonce.r.*))
 .rodata.get_value
                0x000000000000b928       0x68 build/z1/obj/cc2420.o
 .rodata.set_value
                0x000000000000b990       0x20 build/z1/obj/cc2420.o
 .rodata.adxl345
                0x000000000000b9b0        0xe build/z1/obj/adxl345.o
                0x000000000000b9b0                adxl345
 .rodata.button_sensor
                0x000000000000b9be        0xe build/z1/obj/button-sensor.o
                0x000000000000b9be                button_sensor
 .rodata.cc2420_driver
                0x000000000000b9cc       0x38 build/z1/obj/cc2420.o
                0x000000000000b9cc                cc2420_driver
 .rodata.output_power
                0x000000000000ba04       0x10 build/z1/obj/cc2420.o
 .rodata.csma_driver
                0x000000000000ba14       0x1a build/z1/obj/csma.o
                0x000000000000ba14                csma_driver
 .rodata.framer_802154
                0x000000000000ba2e        0xc build/z1/obj/framer-802154.o
                0x000000000000ba2e                framer_802154
 .rodata.linkaddr_null
                0x000000000000ba3a        0x8 build/z1/obj/linkaddr.o
                0x000000000000ba3a                linkaddr_null
 .rodata.rpl_lite_driver
                0x000000000000ba42       0x52 build/z1/obj/rpl.o
                0x000000000000ba42                rpl_lite_driver
 .rodata.sfc16_prng
                0x000000000000ba94        0x8 build/z1/obj/sfc16-prng.o
                0x000000000000ba94                sfc16_prng
 .rodata.sicslowpan_driver
                0x000000000000ba9c        0xe build/z1/obj/sicslowpan.o
                0x000000000000ba9c                sicslowpan_driver
 .rodata.tmp102
                0x000000000000baaa        0xe build/z1/obj/tmp102.o
                0x000000000000baaa                tmp102
 .rodata.autostart_processes
                0x000000000000bab8        0x4 build/z1/obj/udp-client.o
                0x000000000000bab8                autostart_processes
 .rodata        0x000000000000babc       0x25 build/z1/obj/adxl345.o
 .rodata        0x000000000000bae1        0x7 build/z1/obj/button-sensor.o
 .rodata        0x000000000000bae8        0xe build/z1/obj/cc2420.o
 .rodata        0x000000000000baf6       0xf4 build/z1/obj/contiki-main.o
 .rodata        0x000000000000bbea        0x5 build/z1/obj/csma.o
 .rodata        0x000000000000bbef        0xf build/z1/obj/ctimer.o
 .rodata        0x000000000000bbfe        0xc build/z1/obj/etimer.o
 .rodata.CSWTCH.17
                0x000000000000bc0a        0x2 build/z1/obj/frame802154.o
 .rodata.log_6addr
                0x000000000000bc0c        0x3 build/z1/obj/log.o
 .rodata.log_lladdr
                0x000000000000bc0f       0x14 build/z1/obj/log.o
 .rodata.platform_init_stage_three
                0x000000000000bc23       0x30 build/z1/obj/platform.o
 .rodata.process_dio_init_dag
                0x000000000000bc53        0x5 build/z1/obj/rpl-dag.o
 .rodata.rpl_local_repair
                0x000000000000bc58        0xd build/z1/obj/rpl-dag.o
 .rodata.rpl_global_repair
                0x000000000000bc65        0xe build/z1/obj/rpl-dag.o
 .rodata.rpl_dag_update_state
                0x000000000000bc73       0x31 build/z1/obj/rpl-dag.o
 .rodata.rpl_process_dio
                0x000000000000bca4       0x35 build/z1/obj/rpl-dag.o
 .rodata.rpl_process_dis
                0x000000000000bcd9        0xe build/z1/obj/rpl-dag.o
 .rodata.rpl_process_dao_ack
                0x000000000000bce7        0xa build/z1/obj/rpl-dag.o
 .rodata.rpl_dag_init_root
                0x000000000000bcf1        0xa build/z1/obj/rpl-dag.o
 .rodata.resend_dao
                0x000000000000bcfb        0xc build/z1/obj/rpl-timers.o
 .rodata        0x000000000000bd07        0x9 build/z1/obj/rpl.o
 .rodata        0x000000000000bd10        0x8 build/z1/obj/sensors.o
 .rodata        0x000000000000bd18        0xb build/z1/obj/sicslowpan.o
 .rodata.llprefix
                0x000000000000bd23        0x2 build/z1/obj/sicslowpan.o
                0x000000000000bd23                llprefix
 .rodata.unc_mxconf
                0x000000000000bd25        0x4 build/z1/obj/sicslowpan.o